******************************************************************************
                  TI ARM Linker PC v20.2.4                     
******************************************************************************
>> Linked Mon Mar 15 11:23:08 2021

OUTPUT FILE NAME:   <test2.out>
ENTRY POINT SYMBOL: "_c_int00_noargs"  address: 00000fbd


MEMORY CONFIGURATION

         name            origin    length      used     unused   attr    fill
----------------------  --------  ---------  --------  --------  ----  --------
  MAIN                  00000000   00040000  00001222  0003edde  R  X
  INFO                  00200000   00004000  00000000  00004000  R  X
  SRAM_CODE             01000000   00010000  0000021e  0000fde2  RW X
  SRAM_DATA             20000000   00010000  0000021e  0000fde2  RW  


SEGMENT ALLOCATION MAP

run origin  load origin   length   init length attrs members
----------  ----------- ---------- ----------- ----- -------
00000000    00000000    00001228   00001228    r-x
  00000000    00000000    000000e4   000000e4    r-- .intvecs
  000000e4    000000e4    000010d6   000010d6    r-x .text
  000011bc    000011bc    00000028   00000028    r-- .const
  000011e8    000011e8    00000040   00000040    r-- .cinit
20000000    20000000    0000001e   00000000    rw-
  20000000    20000000    00000014   00000000    rw- .data
  20000014    20000014    0000000a   00000000    rw- .bss
2000fe00    2000fe00    00000200   00000000    rw-
  2000fe00    2000fe00    00000200   00000000    rw- .stack


SECTION ALLOCATION MAP

 output                                  attributes/
section   page    origin      length       input sections
--------  ----  ----------  ----------   ----------------
.intvecs   0    00000000    000000e4     
                  00000000    000000e4     startup_msp432p401r_ccs.obj (.intvecs:retain)

.text      0    000000e4    000010d6     
                  000000e4    0000028a     msp432p4xx_driverlib.lib : pcm.o (.text:__PCM_setPowerStateAdvanced)
                  0000036e    00000002     startup_msp432p401r_ccs.obj (.text:Default_Handler)
                  00000370    00000178     main.obj (.text:main)
                  000004e8    0000015c     msp432p4xx_driverlib.lib : pcm.o (.text:__PCM_setPowerModeAdvanced)
                  00000644    0000011c                              : uart.o (.text:UART_initModule)
                  00000760    00000108                              : pcm.o (.text:__PCM_setCoreVoltageLevelAdvanced)
                  00000868    000000e4                              : cs.o (.text:CS_startHFXTWithTimeout)
                  0000094c    000000dc     main.obj (.text:T32_INT1_IRQHandler)
                  00000a28    000000dc     msp432p4xx_driverlib.lib : cs.o (.text:_CSGetHFXTFrequency)
                  00000b04    000000c6     main.obj (.text:itoa)
                  00000bca    00000002     --HOLE-- [fill = 0]
                  00000bcc    000000a0     main.obj (.text:PORT1_IRQHandler)
                  00000c6c    0000009c     rtsv7M4_T_le_v4SPD16_eabi.lib : memcpy_t2.asm.obj (.text)
                  00000d08    00000084     msp432p4xx_driverlib.lib : pcm.o (.text:PCM_gotoLPM3)
                  00000d8c    00000078     system_msp432p401r.obj (.text:SystemInit)
                  00000e04    00000068     rtsv7M4_T_le_v4SPD16_eabi.lib : copy_decompress_lzss.c.obj (.text:decompress:lzss:__TI_decompress_lzss)
                  00000e6c    0000005e     msp432p4xx_driverlib.lib : pcm.o (.text:PCM_getCoreVoltageLevel)
                  00000eca    0000005a                              : pcm.o (.text:PCM_getPowerMode)
                  00000f24    00000054                              : pcm.o (.text:PCM_shutdownDevice)
                  00000f78    00000044     rtsv7M4_T_le_v4SPD16_eabi.lib : autoinit.c.obj (.text:__TI_auto_init_nobinit_nopinit:__TI_auto_init_nobinit_nopinit)
                  00000fbc    00000034                                   : boot_cortex_m.c.obj (.text:_c_int00_noargs:_c_int00_noargs)
                  00000ff0    0000002c     msp432p4xx_driverlib.lib : rtc_c.o (.text:RTC_C_holdClock)
                  0000101c    0000002c     main.obj (.text:printFloat)
                  00001048    0000002c     main.obj (.text:transmit)
                  00001074    00000028     msp432p4xx_driverlib.lib : pcm.o (.text:PCM_gotoLPM0)
                  0000109c    00000024                              : wdt_a.o (.text:WDT_A_holdTimer)
                  000010c0    00000020                              : cs.o (.text:CS_setExternalClockSourceFrequency)
                  000010e0    0000001c     rtsv7M4_T_le_v4SPD16_eabi.lib : copy_zero_init.c.obj (.text:decompress:ZI:__TI_zero_init_nomemset:__TI_zero_init_nomemset)
                  000010fc    00000018     msp432p4xx_driverlib.lib : sysctl_a.o (.text:SysCtl_A_disableNMISource)
                  00001114    00000018                              : sysctl_a.o (.text:SysCtl_A_enableNMISource)
                  0000112c    00000014                              : pcm.o (.text:PCM_getPowerState)
                  00001140    00000012                              : cs.o (.text:CS_startHFXT)
                  00001152    00000010                              : pcm.o (.text:PCM_gotoLPM4)
                  00001162    00000010                              : pcm.o (.text:PCM_setPowerMode)
                  00001172    00000010                              : pcm.o (.text:PCM_setPowerState)
                  00001182    00000002     --HOLE-- [fill = 0]
                  00001184    00000010                              : sysctl_a.o (.text:SysCtl_A_getNMISourceStatus)
                  00001194    0000000e     rtsv7M4_T_le_v4SPD16_eabi.lib : copy_decompress_none.c.obj (.text:decompress:none:__TI_decompress_none)
                  000011a2    0000000c     startup_msp432p401r_ccs.obj (.text:Reset_Handler)
                  000011ae    00000004     msp432p4xx_driverlib.lib : cpu.o (.text:CPU_wfi)
                  000011b2    00000004     rtsv7M4_T_le_v4SPD16_eabi.lib : pre_init.c.obj (.text:_system_pre_init)
                  000011b6    00000004                                   : exit.c.obj (.text:abort:abort)

.const     0    000011bc    00000028     
                  000011bc    00000028     main.obj (.const:uartConfig)

.cinit     0    000011e8    00000040     
                  000011e8    00000016     (.cinit..data.load) [load image, compression = lzss]
                  000011fe    00000002     --HOLE-- [fill = 0]
                  00001200    0000000c     (__TI_handler_table)
                  0000120c    00000004     --HOLE-- [fill = 0]
                  00001210    00000008     (.cinit..bss.load) [load image, compression = zero_init]
                  00001218    00000010     (__TI_cinit_table)

.init_array 
*          0    00000000    00000000     UNINITIALIZED

.binit     0    00000000    00000000     

.data      0    20000000    00000014     UNINITIALIZED
                  20000000    00000014     main.obj (.data)

.bss       0    20000014    0000000a     UNINITIALIZED
                  20000014    00000008     msp432p4xx_driverlib.lib : cs.o (.bss)
                  2000001c    00000002     main.obj (.bss)

.stack     0    2000fe00    00000200     UNINITIALIZED
                  2000fe00    00000004     rtsv7M4_T_le_v4SPD16_eabi.lib : boot_cortex_m.c.obj (.stack)
                  2000fe04    000001fc     --HOLE--

__llvm_prf_cnts 
*          0    20000000    00000000     UNINITIALIZED

MODULE SUMMARY

       Module                        code   ro data   rw data
       ------                        ----   -------   -------
    .\
       main.obj                      1042   40        44     
       system_msp432p401r.obj        120    0         0      
    +--+-----------------------------+------+---------+---------+
       Total:                        1162   40        44     
                                                             
    .\ccs\
       startup_msp432p401r_ccs.obj   14     228       0      
    +--+-----------------------------+------+---------+---------+
       Total:                        14     228       0      
                                                             
    C:/ti/simplelink_msp432p4_sdk_3_40_01_02/source/ti/devices/msp432p4xx/driverlib/ccs/msp432p4xx_driverlib.lib
       pcm.o                         1770   0         0      
       cs.o                          498    0         16     
       uart.o                        284    0         0      
       sysctl_a.o                    64     0         0      
       rtc_c.o                       44     0         0      
       wdt_a.o                       36     0         0      
       cpu.o                         4      0         0      
    +--+-----------------------------+------+---------+---------+
       Total:                        2700   0         16     
                                                             
    C:\ti\ccs1011\ccs\tools\compiler\ti-cgt-arm_20.2.4.LTS\lib\rtsv7M4_T_le_v4SPD16_eabi.lib
       memcpy_t2.asm.obj             156    0         0      
       copy_decompress_lzss.c.obj    104    0         0      
       autoinit.c.obj                68     0         0      
       boot_cortex_m.c.obj           52     0         0      
       copy_zero_init.c.obj          28     0         0      
       copy_decompress_none.c.obj    14     0         0      
       exit.c.obj                    4      0         0      
       pre_init.c.obj                4      0         0      
    +--+-----------------------------+------+---------+---------+
       Total:                        430    0         0      
                                                             
       Stack:                        0      0         1024   
       Linker Generated:             0      58        0      
    +--+-----------------------------+------+---------+---------+
       Grand Total:                  4306   326       1084   


LINKER GENERATED COPY TABLES

__TI_cinit_table @ 00001218 records: 2, size/record: 8, table size: 16
	.data: load addr=000011e8, load size=00000016 bytes, run addr=20000000, run size=00000014 bytes, compression=lzss
	.bss: load addr=00001210, load size=00000008 bytes, run addr=20000014, run size=0000000a bytes, compression=zero_init


LINKER GENERATED HANDLER TABLE

__TI_handler_table @ 00001200 records: 3, size/record: 4, table size: 12
	index: 0, handler: __TI_decompress_lzss
	index: 1, handler: __TI_decompress_none
	index: 2, handler: __TI_zero_init


GLOBAL SYMBOLS: SORTED ALPHABETICALLY BY Name 

address   name                              
-------   ----                              
0000036f  ADC14_IRQHandler                  
0000036f  AES256_IRQHandler                 
0000036f  BusFault_Handler                  
000011b7  C$$EXIT                           
0000036f  COMP_E0_IRQHandler                
0000036f  COMP_E1_IRQHandler                
000011af  CPU_wfi                           
0000036f  CS_IRQHandler                     
000010c1  CS_setExternalClockSourceFrequency
00001141  CS_startHFXT                      
00000869  CS_startHFXTWithTimeout           
2000000c  D                                 
0000036f  DMA_ERR_IRQHandler                
0000036f  DMA_INT0_IRQHandler               
0000036f  DMA_INT1_IRQHandler               
0000036f  DMA_INT2_IRQHandler               
0000036f  DMA_INT3_IRQHandler               
0000036f  DebugMon_Handler                  
0000036f  Default_Handler                   
0000036f  EUSCIA0_IRQHandler                
0000036f  EUSCIA1_IRQHandler                
0000036f  EUSCIA2_IRQHandler                
0000036f  EUSCIA3_IRQHandler                
0000036f  EUSCIB0_IRQHandler                
0000036f  EUSCIB1_IRQHandler                
0000036f  EUSCIB2_IRQHandler                
0000036f  EUSCIB3_IRQHandler                
0000036f  FLCTL_IRQHandler                  
0000036f  FPU_IRQHandler                    
0000036f  HardFault_Handler                 
0000036f  MemManage_Handler                 
0000036f  NMI_Handler                       
0000036f  PCM_IRQHandler                    
00000e6d  PCM_getCoreVoltageLevel           
00000ecb  PCM_getPowerMode                  
0000112d  PCM_getPowerState                 
00001075  PCM_gotoLPM0                      
00000d09  PCM_gotoLPM3                      
00001153  PCM_gotoLPM4                      
00001163  PCM_setPowerMode                  
00001173  PCM_setPowerState                 
00000f25  PCM_shutdownDevice                
00000bcd  PORT1_IRQHandler                  
00000bcd  PORT1_IRQHandler                  
0000036f  PORT2_IRQHandler                  
0000036f  PORT3_IRQHandler                  
0000036f  PORT4_IRQHandler                  
0000036f  PORT5_IRQHandler                  
0000036f  PORT6_IRQHandler                  
0000036f  PSS_IRQHandler                    
0000036f  PendSV_Handler                    
0000036f  RTC_C_IRQHandler                  
00000ff1  RTC_C_holdClock                   
000011a3  Reset_Handler                     
0000036f  SVC_Handler                       
000010fd  SysCtl_A_disableNMISource         
00001115  SysCtl_A_enableNMISource          
00001185  SysCtl_A_getNMISourceStatus       
0000036f  SysTick_Handler                   
00000d8d  SystemInit                        
0000094d  T32_INT1_IRQHandler               
0000094d  T32_INT1_IRQHandler               
0000036f  T32_INT2_IRQHandler               
0000036f  T32_INTC_IRQHandler               
0000036f  TA0_0_IRQHandler                  
0000036f  TA0_N_IRQHandler                  
0000036f  TA1_0_IRQHandler                  
0000036f  TA1_N_IRQHandler                  
0000036f  TA2_0_IRQHandler                  
0000036f  TA2_N_IRQHandler                  
0000036f  TA3_0_IRQHandler                  
0000036f  TA3_N_IRQHandler                  
00000645  UART_initModule                   
0000036f  UsageFault_Handler                
4000480c  WDTCTL_SYM                        
0000036f  WDT_A_IRQHandler                  
0000109d  WDT_A_holdTimer                   
20010000  __STACK_END                       
00000200  __STACK_SIZE                      
00001218  __TI_CINIT_Base                   
00001228  __TI_CINIT_Limit                  
00001200  __TI_Handler_Table_Base           
0000120c  __TI_Handler_Table_Limit          
00000f79  __TI_auto_init_nobinit_nopinit    
00000e05  __TI_decompress_lzss              
00001195  __TI_decompress_none              
ffffffff  __TI_pprof_out_hndl               
ffffffff  __TI_prof_data_size               
ffffffff  __TI_prof_data_start              
00000000  __TI_static_base__                
000010e1  __TI_zero_init_nomemset           
00000c6d  __aeabi_memcpy                    
00000c6d  __aeabi_memcpy4                   
00000c6d  __aeabi_memcpy8                   
ffffffff  __binit__                         
ffffffff  __c_args__                        
UNDEFED   __mpu_init                        
2000fe00  __stack                           
20000000  __start___llvm_prf_cnts           
20000000  __stop___llvm_prf_cnts            
00000fbd  _c_int00_noargs                   
UNDEFED   _system_post_cinit                
000011b3  _system_pre_init                  
000011b7  abort                             
ffffffff  binit                             
00000000  interruptVectors                  
00000b05  itoa                              
00000371  main                              
00000c6d  memcpy                            
20000008  period                            
0000101d  printFloat                        
20000010  state                             
00001049  transmit                          
000011bc  uartConfig                        
20000000  x                                 
20000004  y                                 


GLOBAL SYMBOLS: SORTED BY Symbol Address 

address   name                              
-------   ----                              
00000000  __TI_static_base__                
00000000  interruptVectors                  
00000200  __STACK_SIZE                      
0000036f  ADC14_IRQHandler                  
0000036f  AES256_IRQHandler                 
0000036f  BusFault_Handler                  
0000036f  COMP_E0_IRQHandler                
0000036f  COMP_E1_IRQHandler                
0000036f  CS_IRQHandler                     
0000036f  DMA_ERR_IRQHandler                
0000036f  DMA_INT0_IRQHandler               
0000036f  DMA_INT1_IRQHandler               
0000036f  DMA_INT2_IRQHandler               
0000036f  DMA_INT3_IRQHandler               
0000036f  DebugMon_Handler                  
0000036f  Default_Handler                   
0000036f  EUSCIA0_IRQHandler                
0000036f  EUSCIA1_IRQHandler                
0000036f  EUSCIA2_IRQHandler                
0000036f  EUSCIA3_IRQHandler                
0000036f  EUSCIB0_IRQHandler                
0000036f  EUSCIB1_IRQHandler                
0000036f  EUSCIB2_IRQHandler                
0000036f  EUSCIB3_IRQHandler                
0000036f  FLCTL_IRQHandler                  
0000036f  FPU_IRQHandler                    
0000036f  HardFault_Handler                 
0000036f  MemManage_Handler                 
0000036f  NMI_Handler                       
0000036f  PCM_IRQHandler                    
0000036f  PORT2_IRQHandler                  
0000036f  PORT3_IRQHandler                  
0000036f  PORT4_IRQHandler                  
0000036f  PORT5_IRQHandler                  
0000036f  PORT6_IRQHandler                  
0000036f  PSS_IRQHandler                    
0000036f  PendSV_Handler                    
0000036f  RTC_C_IRQHandler                  
0000036f  SVC_Handler                       
0000036f  SysTick_Handler                   
0000036f  T32_INT2_IRQHandler               
0000036f  T32_INTC_IRQHandler               
0000036f  TA0_0_IRQHandler                  
0000036f  TA0_N_IRQHandler                  
0000036f  TA1_0_IRQHandler                  
0000036f  TA1_N_IRQHandler                  
0000036f  TA2_0_IRQHandler                  
0000036f  TA2_N_IRQHandler                  
0000036f  TA3_0_IRQHandler                  
0000036f  TA3_N_IRQHandler                  
0000036f  UsageFault_Handler                
0000036f  WDT_A_IRQHandler                  
00000371  main                              
00000645  UART_initModule                   
00000869  CS_startHFXTWithTimeout           
0000094d  T32_INT1_IRQHandler               
0000094d  T32_INT1_IRQHandler               
00000b05  itoa                              
00000bcd  PORT1_IRQHandler                  
00000bcd  PORT1_IRQHandler                  
00000c6d  __aeabi_memcpy                    
00000c6d  __aeabi_memcpy4                   
00000c6d  __aeabi_memcpy8                   
00000c6d  memcpy                            
00000d09  PCM_gotoLPM3                      
00000d8d  SystemInit                        
00000e05  __TI_decompress_lzss              
00000e6d  PCM_getCoreVoltageLevel           
00000ecb  PCM_getPowerMode                  
00000f25  PCM_shutdownDevice                
00000f79  __TI_auto_init_nobinit_nopinit    
00000fbd  _c_int00_noargs                   
00000ff1  RTC_C_holdClock                   
0000101d  printFloat                        
00001049  transmit                          
00001075  PCM_gotoLPM0                      
0000109d  WDT_A_holdTimer                   
000010c1  CS_setExternalClockSourceFrequency
000010e1  __TI_zero_init_nomemset           
000010fd  SysCtl_A_disableNMISource         
00001115  SysCtl_A_enableNMISource          
0000112d  PCM_getPowerState                 
00001141  CS_startHFXT                      
00001153  PCM_gotoLPM4                      
00001163  PCM_setPowerMode                  
00001173  PCM_setPowerState                 
00001185  SysCtl_A_getNMISourceStatus       
00001195  __TI_decompress_none              
000011a3  Reset_Handler                     
000011af  CPU_wfi                           
000011b3  _system_pre_init                  
000011b7  C$$EXIT                           
000011b7  abort                             
000011bc  uartConfig                        
00001200  __TI_Handler_Table_Base           
0000120c  __TI_Handler_Table_Limit          
00001218  __TI_CINIT_Base                   
00001228  __TI_CINIT_Limit                  
20000000  __start___llvm_prf_cnts           
20000000  __stop___llvm_prf_cnts            
20000000  x                                 
20000004  y                                 
20000008  period                            
2000000c  D                                 
20000010  state                             
2000fe00  __stack                           
20010000  __STACK_END                       
4000480c  WDTCTL_SYM                        
ffffffff  __TI_pprof_out_hndl               
ffffffff  __TI_prof_data_size               
ffffffff  __TI_prof_data_start              
ffffffff  __binit__                         
ffffffff  __c_args__                        
ffffffff  binit                             
UNDEFED   __mpu_init                        
UNDEFED   _system_post_cinit                

[116 symbols]
