******************************************************************************
                  TI ARM Linker PC v20.2.4                     
******************************************************************************
>> Linked Thu Feb 18 12:39:37 2021

OUTPUT FILE NAME:   <empty_MSP_EXP432P401R_nortos_ccs.out>
ENTRY POINT SYMBOL: "_c_int00_noargs"  address: 000007b5


MEMORY CONFIGURATION

         name            origin    length      used     unused   attr    fill
----------------------  --------  ---------  --------  --------  ----  --------
  MAIN                  00000000   00040000  000008f4  0003f70c  R  X
  INFO                  00200000   00004000  00000000  00004000  R  X
  SRAM_CODE             01000000   00010000  0000023d  0000fdc3  RW X
  SRAM_DATA             20000000   00010000  0000023d  0000fdc3  RW  


SEGMENT ALLOCATION MAP

run origin  load origin   length   init length attrs members
----------  ----------- ---------- ----------- ----- -------
00000000    00000000    000008f8   000008f8    r-x
  00000000    00000000    000000e4   000000e4    r-- .intvecs
  000000e4    000000e4    00000788   00000788    r-x .text
  0000086c    0000086c    00000028   00000028    r-- .const
  00000898    00000898    00000060   00000060    r-- .cinit
20000000    20000000    0000003d   00000000    rw-
  20000000    20000000    00000039   00000000    rw- .data
  20000039    20000039    00000004   00000000    rw- .bss
2000fe00    2000fe00    00000200   00000000    rw-
  2000fe00    2000fe00    00000200   00000000    rw- .stack


SECTION ALLOCATION MAP

 output                                  attributes/
section   page    origin      length       input sections
--------  ----  ----------  ----------   ----------------
.intvecs   0    00000000    000000e4     
                  00000000    000000e4     startup_msp432p401r_ccs.obj (.intvecs:retain)

.text      0    000000e4    00000788     
                  000000e4    0000011c     main.obj (.text:PORT1_IRQHandler)
                  00000200    0000011c     msp432p4xx_driverlib.lib : uart.o (.text:UART_initModule)
                  0000031c    000000fc     main.obj (.text:main)
                  00000418    000000c4     main.obj (.text:EUSCIA0_IRQHandler)
                  000004dc    0000009c     rtsv7M4_T_le_v4SPD16_eabi.lib : memcpy_t2.asm.obj (.text)
                  00000578    00000080     main.obj (.text:convert)
                  000005f8    00000078     system_msp432p401r.obj (.text:SystemInit)
                  00000670    00000068     rtsv7M4_T_le_v4SPD16_eabi.lib : copy_decompress_lzss.c.obj (.text:decompress:lzss:__TI_decompress_lzss)
                  000006d8    00000064     msp432p4xx_driverlib.lib : uart.o (.text:UART_getEnabledInterruptStatus)
                  0000073c    00000044     rtsv7M4_T_le_v4SPD16_eabi.lib : autoinit.c.obj (.text:__TI_auto_init_nobinit_nopinit:__TI_auto_init_nobinit_nopinit)
                  00000780    00000034     msp432p4xx_driverlib.lib : cs.o (.text:CS_setDCOCenteredFrequency)
                  000007b4    00000034     rtsv7M4_T_le_v4SPD16_eabi.lib : boot_cortex_m.c.obj (.text:_c_int00_noargs:_c_int00_noargs)
                  000007e8    0000002c     main.obj (.text:transmit)
                  00000814    0000001c     rtsv7M4_T_le_v4SPD16_eabi.lib : copy_zero_init.c.obj (.text:decompress:ZI:__TI_zero_init_nomemset:__TI_zero_init_nomemset)
                  00000830    00000018     msp432p4xx_driverlib.lib : uart.o (.text:UART_getInterruptStatus)
                  00000848    0000000e     rtsv7M4_T_le_v4SPD16_eabi.lib : copy_decompress_none.c.obj (.text:decompress:none:__TI_decompress_none)
                  00000856    0000000c     startup_msp432p401r_ccs.obj (.text:Reset_Handler)
                  00000862    00000004     rtsv7M4_T_le_v4SPD16_eabi.lib : pre_init.c.obj (.text:_system_pre_init)
                  00000866    00000004                                   : exit.c.obj (.text:abort:abort)
                  0000086a    00000002     startup_msp432p401r_ccs.obj (.text:Default_Handler)

.const     0    0000086c    00000028     
                  0000086c    00000028     main.obj (.const:uartConfig)

.cinit     0    00000898    00000060     
                  00000898    00000035     (.cinit..data.load) [load image, compression = lzss]
                  000008cd    00000003     --HOLE-- [fill = 0]
                  000008d0    0000000c     (__TI_handler_table)
                  000008dc    00000004     --HOLE-- [fill = 0]
                  000008e0    00000008     (.cinit..bss.load) [load image, compression = zero_init]
                  000008e8    00000010     (__TI_cinit_table)

.init_array 
*          0    00000000    00000000     UNINITIALIZED

.binit     0    00000000    00000000     

.data      0    20000000    00000039     UNINITIALIZED
                  20000000    00000018     main.obj (.data:pwmConfig)
                  20000018    00000013     main.obj (.data:new_D)
                  2000002b    00000001     --HOLE--
                  2000002c    0000000d     main.obj (.data)

.bss       0    20000039    00000004     UNINITIALIZED
                  20000039    00000004     (.common:digits)

.stack     0    2000fe00    00000200     UNINITIALIZED
                  2000fe00    00000004     rtsv7M4_T_le_v4SPD16_eabi.lib : boot_cortex_m.c.obj (.stack)
                  2000fe04    000001fc     --HOLE--

__llvm_prf_cnts 
*          0    20000000    00000000     UNINITIALIZED

MODULE SUMMARY

       Module                        code   ro data   rw data
       ------                        ----   -------   -------
    .\
       main.obj                      904    40        120    
       system_msp432p401r.obj        120    0         0      
    +--+-----------------------------+------+---------+---------+
       Total:                        1024   40        120    
                                                             
    .\ccs\
       startup_msp432p401r_ccs.obj   14     228       0      
    +--+-----------------------------+------+---------+---------+
       Total:                        14     228       0      
                                                             
    C:/ti/simplelink_msp432p4_sdk_3_40_01_02/source/ti/devices/msp432p4xx/driverlib/ccs/msp432p4xx_driverlib.lib
       uart.o                        408    0         0      
       cs.o                          52     0         0      
    +--+-----------------------------+------+---------+---------+
       Total:                        460    0         0      
                                                             
    C:\ti\ccs1011\ccs\tools\compiler\ti-cgt-arm_20.2.4.LTS\lib\rtsv7M4_T_le_v4SPD16_eabi.lib
       memcpy_t2.asm.obj             156    0         0      
       copy_decompress_lzss.c.obj    104    0         0      
       autoinit.c.obj                68     0         0      
       boot_cortex_m.c.obj           52     0         0      
       copy_zero_init.c.obj          28     0         0      
       copy_decompress_none.c.obj    14     0         0      
       exit.c.obj                    4      0         0      
       pre_init.c.obj                4      0         0      
    +--+-----------------------------+------+---------+---------+
       Total:                        430    0         0      
                                                             
       Stack:                        0      0         1024   
       Linker Generated:             0      89        0      
    +--+-----------------------------+------+---------+---------+
       Grand Total:                  1928   357       1144   


LINKER GENERATED COPY TABLES

__TI_cinit_table @ 000008e8 records: 2, size/record: 8, table size: 16
	.data: load addr=00000898, load size=00000035 bytes, run addr=20000000, run size=00000039 bytes, compression=lzss
	.bss: load addr=000008e0, load size=00000008 bytes, run addr=20000039, run size=00000004 bytes, compression=zero_init


LINKER GENERATED HANDLER TABLE

__TI_handler_table @ 000008d0 records: 3, size/record: 4, table size: 12
	index: 0, handler: __TI_decompress_lzss
	index: 1, handler: __TI_decompress_none
	index: 2, handler: __TI_zero_init


GLOBAL SYMBOLS: SORTED ALPHABETICALLY BY Name 

address   name                          
-------   ----                          
0000086b  ADC14_IRQHandler              
0000086b  AES256_IRQHandler             
0000086b  BusFault_Handler              
00000867  C$$EXIT                       
0000086b  COMP_E0_IRQHandler            
0000086b  COMP_E1_IRQHandler            
0000086b  CS_IRQHandler                 
00000781  CS_setDCOCenteredFrequency    
0000086b  DMA_ERR_IRQHandler            
0000086b  DMA_INT0_IRQHandler           
0000086b  DMA_INT1_IRQHandler           
0000086b  DMA_INT2_IRQHandler           
0000086b  DMA_INT3_IRQHandler           
0000086b  DebugMon_Handler              
0000086b  Default_Handler               
00000419  EUSCIA0_IRQHandler            
00000419  EUSCIA0_IRQHandler            
0000086b  EUSCIA1_IRQHandler            
0000086b  EUSCIA2_IRQHandler            
0000086b  EUSCIA3_IRQHandler            
0000086b  EUSCIB0_IRQHandler            
0000086b  EUSCIB1_IRQHandler            
0000086b  EUSCIB2_IRQHandler            
0000086b  EUSCIB3_IRQHandler            
0000086b  FLCTL_IRQHandler              
0000086b  FPU_IRQHandler                
0000086b  HardFault_Handler             
0000086b  MemManage_Handler             
0000086b  NMI_Handler                   
0000086b  PCM_IRQHandler                
000000e5  PORT1_IRQHandler              
000000e5  PORT1_IRQHandler              
0000086b  PORT2_IRQHandler              
0000086b  PORT3_IRQHandler              
0000086b  PORT4_IRQHandler              
0000086b  PORT5_IRQHandler              
0000086b  PORT6_IRQHandler              
0000086b  PSS_IRQHandler                
0000086b  PendSV_Handler                
0000086b  RTC_C_IRQHandler              
00000857  Reset_Handler                 
0000086b  SVC_Handler                   
0000086b  SysTick_Handler               
000005f9  SystemInit                    
0000086b  T32_INT1_IRQHandler           
0000086b  T32_INT2_IRQHandler           
0000086b  T32_INTC_IRQHandler           
0000086b  TA0_0_IRQHandler              
0000086b  TA0_N_IRQHandler              
0000086b  TA1_0_IRQHandler              
0000086b  TA1_N_IRQHandler              
0000086b  TA2_0_IRQHandler              
0000086b  TA2_N_IRQHandler              
0000086b  TA3_0_IRQHandler              
0000086b  TA3_N_IRQHandler              
000006d9  UART_getEnabledInterruptStatus
00000831  UART_getInterruptStatus       
00000201  UART_initModule               
0000086b  UsageFault_Handler            
4000480c  WDTCTL_SYM                    
0000086b  WDT_A_IRQHandler              
20010000  __STACK_END                   
00000200  __STACK_SIZE                  
000008e8  __TI_CINIT_Base               
000008f8  __TI_CINIT_Limit              
000008d0  __TI_Handler_Table_Base       
000008dc  __TI_Handler_Table_Limit      
0000073d  __TI_auto_init_nobinit_nopinit
00000671  __TI_decompress_lzss          
00000849  __TI_decompress_none          
ffffffff  __TI_pprof_out_hndl           
ffffffff  __TI_prof_data_size           
ffffffff  __TI_prof_data_start          
00000000  __TI_static_base__            
00000815  __TI_zero_init_nomemset       
000004dd  __aeabi_memcpy                
000004dd  __aeabi_memcpy4               
000004dd  __aeabi_memcpy8               
ffffffff  __binit__                     
ffffffff  __c_args__                    
UNDEFED   __mpu_init                    
2000fe00  __stack                       
20000000  __start___llvm_prf_cnts       
20000000  __stop___llvm_prf_cnts        
000007b5  _c_int00_noargs               
UNDEFED   _system_post_cinit            
00000863  _system_pre_init              
00000867  abort                         
ffffffff  binit                         
20000038  char_count                    
00000579  convert                       
20000039  digits                        
20000034  i                             
00000000  interruptVectors              
20000030  j                             
0000031d  main                          
000004dd  memcpy                        
20000018  new_D                         
20000000  pwmConfig                     
000007e9  transmit                      
0000086c  uartConfig                    
2000002c  x                             


GLOBAL SYMBOLS: SORTED BY Symbol Address 

address   name                          
-------   ----                          
00000000  __TI_static_base__            
00000000  interruptVectors              
000000e5  PORT1_IRQHandler              
000000e5  PORT1_IRQHandler              
00000200  __STACK_SIZE                  
00000201  UART_initModule               
0000031d  main                          
00000419  EUSCIA0_IRQHandler            
00000419  EUSCIA0_IRQHandler            
000004dd  __aeabi_memcpy                
000004dd  __aeabi_memcpy4               
000004dd  __aeabi_memcpy8               
000004dd  memcpy                        
00000579  convert                       
000005f9  SystemInit                    
00000671  __TI_decompress_lzss          
000006d9  UART_getEnabledInterruptStatus
0000073d  __TI_auto_init_nobinit_nopinit
00000781  CS_setDCOCenteredFrequency    
000007b5  _c_int00_noargs               
000007e9  transmit                      
00000815  __TI_zero_init_nomemset       
00000831  UART_getInterruptStatus       
00000849  __TI_decompress_none          
00000857  Reset_Handler                 
00000863  _system_pre_init              
00000867  C$$EXIT                       
00000867  abort                         
0000086b  ADC14_IRQHandler              
0000086b  AES256_IRQHandler             
0000086b  BusFault_Handler              
0000086b  COMP_E0_IRQHandler            
0000086b  COMP_E1_IRQHandler            
0000086b  CS_IRQHandler                 
0000086b  DMA_ERR_IRQHandler            
0000086b  DMA_INT0_IRQHandler           
0000086b  DMA_INT1_IRQHandler           
0000086b  DMA_INT2_IRQHandler           
0000086b  DMA_INT3_IRQHandler           
0000086b  DebugMon_Handler              
0000086b  Default_Handler               
0000086b  EUSCIA1_IRQHandler            
0000086b  EUSCIA2_IRQHandler            
0000086b  EUSCIA3_IRQHandler            
0000086b  EUSCIB0_IRQHandler            
0000086b  EUSCIB1_IRQHandler            
0000086b  EUSCIB2_IRQHandler            
0000086b  EUSCIB3_IRQHandler            
0000086b  FLCTL_IRQHandler              
0000086b  FPU_IRQHandler                
0000086b  HardFault_Handler             
0000086b  MemManage_Handler             
0000086b  NMI_Handler                   
0000086b  PCM_IRQHandler                
0000086b  PORT2_IRQHandler              
0000086b  PORT3_IRQHandler              
0000086b  PORT4_IRQHandler              
0000086b  PORT5_IRQHandler              
0000086b  PORT6_IRQHandler              
0000086b  PSS_IRQHandler                
0000086b  PendSV_Handler                
0000086b  RTC_C_IRQHandler              
0000086b  SVC_Handler                   
0000086b  SysTick_Handler               
0000086b  T32_INT1_IRQHandler           
0000086b  T32_INT2_IRQHandler           
0000086b  T32_INTC_IRQHandler           
0000086b  TA0_0_IRQHandler              
0000086b  TA0_N_IRQHandler              
0000086b  TA1_0_IRQHandler              
0000086b  TA1_N_IRQHandler              
0000086b  TA2_0_IRQHandler              
0000086b  TA2_N_IRQHandler              
0000086b  TA3_0_IRQHandler              
0000086b  TA3_N_IRQHandler              
0000086b  UsageFault_Handler            
0000086b  WDT_A_IRQHandler              
0000086c  uartConfig                    
000008d0  __TI_Handler_Table_Base       
000008dc  __TI_Handler_Table_Limit      
000008e8  __TI_CINIT_Base               
000008f8  __TI_CINIT_Limit              
20000000  __start___llvm_prf_cnts       
20000000  __stop___llvm_prf_cnts        
20000000  pwmConfig                     
20000018  new_D                         
2000002c  x                             
20000030  j                             
20000034  i                             
20000038  char_count                    
20000039  digits                        
2000fe00  __stack                       
20010000  __STACK_END                   
4000480c  WDTCTL_SYM                    
ffffffff  __TI_pprof_out_hndl           
ffffffff  __TI_prof_data_size           
ffffffff  __TI_prof_data_start          
ffffffff  __binit__                     
ffffffff  __c_args__                    
ffffffff  binit                         
UNDEFED   __mpu_init                    
UNDEFED   _system_post_cinit            

[102 symbols]
