******************************************************************************
                  TI ARM Linker PC v20.2.4                     
******************************************************************************
>> Linked Wed Feb 24 19:31:01 2021

OUTPUT FILE NAME:   <systick.out>
ENTRY POINT SYMBOL: "_c_int00_noargs"  address: 00000341


MEMORY CONFIGURATION

         name            origin    length      used     unused   attr    fill
----------------------  --------  ---------  --------  --------  ----  --------
  MAIN                  00000000   00040000  000003c0  0003fc40  R  X
  INFO                  00200000   00004000  00000000  00004000  R  X
  SRAM_CODE             01000000   00010000  00000204  0000fdfc  RW X
  SRAM_DATA             20000000   00010000  00000204  0000fdfc  RW  


SEGMENT ALLOCATION MAP

run origin  load origin   length   init length attrs members
----------  ----------- ---------- ----------- ----- -------
00000000    00000000    000003c0   000003c0    r-x
  00000000    00000000    000000e4   000000e4    r-- .intvecs
  000000e4    000000e4    000002c4   000002c4    r-x .text
  000003a8    000003a8    00000018   00000018    r-- .cinit
20000000    20000000    00000004   00000000    rw-
  20000000    20000000    00000004   00000000    rw- .data
2000fe00    2000fe00    00000200   00000000    rw-
  2000fe00    2000fe00    00000200   00000000    rw- .stack


SECTION ALLOCATION MAP

 output                                  attributes/
section   page    origin      length       input sections
--------  ----  ----------  ----------   ----------------
.intvecs   0    00000000    000000e4     
                  00000000    000000e4     startup_msp432p401r_ccs.obj (.intvecs:retain)

.text      0    000000e4    000002c4     
                  000000e4    0000009c     rtsv7M4_T_le_v4SPD16_eabi.lib : memcpy_t2.asm.obj (.text)
                  00000180    00000078     system_msp432p401r.obj (.text:SystemInit)
                  000001f8    00000068     rtsv7M4_T_le_v4SPD16_eabi.lib : copy_decompress_lzss.c.obj (.text:decompress:lzss:__TI_decompress_lzss)
                  00000260    00000058     main.obj (.text:SysTick_delay_ms)
                  000002b8    00000044     rtsv7M4_T_le_v4SPD16_eabi.lib : autoinit.c.obj (.text:__TI_auto_init_nobinit_nopinit:__TI_auto_init_nobinit_nopinit)
                  000002fc    00000044     main.obj (.text:main)
                  00000340    00000034     rtsv7M4_T_le_v4SPD16_eabi.lib : boot_cortex_m.c.obj (.text:_c_int00_noargs:_c_int00_noargs)
                  00000374    00000010     main.obj (.text:SysTick_Handler)
                  00000384    0000000e     rtsv7M4_T_le_v4SPD16_eabi.lib : copy_decompress_none.c.obj (.text:decompress:none:__TI_decompress_none)
                  00000392    0000000c     startup_msp432p401r_ccs.obj (.text:Reset_Handler)
                  0000039e    00000004     rtsv7M4_T_le_v4SPD16_eabi.lib : pre_init.c.obj (.text:_system_pre_init)
                  000003a2    00000004                                   : exit.c.obj (.text:abort:abort)
                  000003a6    00000002     startup_msp432p401r_ccs.obj (.text:Default_Handler)

.cinit     0    000003a8    00000018     
                  000003a8    00000008     (__TI_handler_table)
                  000003b0    00000007     (.cinit..data.load) [load image, compression = lzss]
                  000003b7    00000001     --HOLE-- [fill = 0]
                  000003b8    00000008     (__TI_cinit_table)

.init_array 
*          0    00000000    00000000     UNINITIALIZED

.binit     0    00000000    00000000     

.data      0    20000000    00000004     UNINITIALIZED
                  20000000    00000004     main.obj (.data)

.stack     0    2000fe00    00000200     UNINITIALIZED
                  2000fe00    00000004     rtsv7M4_T_le_v4SPD16_eabi.lib : boot_cortex_m.c.obj (.stack)
                  2000fe04    000001fc     --HOLE--

__llvm_prf_cnts 
*          0    20000000    00000000     UNINITIALIZED

MODULE SUMMARY

       Module                        code   ro data   rw data
       ------                        ----   -------   -------
    .\
       main.obj                      172    0         8      
       system_msp432p401r.obj        120    0         0      
    +--+-----------------------------+------+---------+---------+
       Total:                        292    0         8      
                                                             
    .\ccs\
       startup_msp432p401r_ccs.obj   14     228       0      
    +--+-----------------------------+------+---------+---------+
       Total:                        14     228       0      
                                                             
    C:\ti\ccs1011\ccs\tools\compiler\ti-cgt-arm_20.2.4.LTS\lib\rtsv7M4_T_le_v4SPD16_eabi.lib
       memcpy_t2.asm.obj             156    0         0      
       copy_decompress_lzss.c.obj    104    0         0      
       autoinit.c.obj                68     0         0      
       boot_cortex_m.c.obj           52     0         0      
       copy_decompress_none.c.obj    14     0         0      
       exit.c.obj                    4      0         0      
       pre_init.c.obj                4      0         0      
    +--+-----------------------------+------+---------+---------+
       Total:                        402    0         0      
                                                             
       Stack:                        0      0         1024   
       Linker Generated:             0      23        0      
    +--+-----------------------------+------+---------+---------+
       Grand Total:                  708    251       1032   


LINKER GENERATED COPY TABLES

__TI_cinit_table @ 000003b8 records: 1, size/record: 8, table size: 8
	.data: load addr=000003b0, load size=00000007 bytes, run addr=20000000, run size=00000004 bytes, compression=lzss


LINKER GENERATED HANDLER TABLE

__TI_handler_table @ 000003a8 records: 2, size/record: 4, table size: 8
	index: 0, handler: __TI_decompress_lzss
	index: 1, handler: __TI_decompress_none


GLOBAL SYMBOLS: SORTED ALPHABETICALLY BY Name 

address   name                          
-------   ----                          
000003a7  ADC14_IRQHandler              
000003a7  AES256_IRQHandler             
000003a7  BusFault_Handler              
000003a3  C$$EXIT                       
000003a7  COMP_E0_IRQHandler            
000003a7  COMP_E1_IRQHandler            
000003a7  CS_IRQHandler                 
000003a7  DMA_ERR_IRQHandler            
000003a7  DMA_INT0_IRQHandler           
000003a7  DMA_INT1_IRQHandler           
000003a7  DMA_INT2_IRQHandler           
000003a7  DMA_INT3_IRQHandler           
000003a7  DebugMon_Handler              
000003a7  Default_Handler               
000003a7  EUSCIA0_IRQHandler            
000003a7  EUSCIA1_IRQHandler            
000003a7  EUSCIA2_IRQHandler            
000003a7  EUSCIA3_IRQHandler            
000003a7  EUSCIB0_IRQHandler            
000003a7  EUSCIB1_IRQHandler            
000003a7  EUSCIB2_IRQHandler            
000003a7  EUSCIB3_IRQHandler            
000003a7  FLCTL_IRQHandler              
000003a7  FPU_IRQHandler                
000003a7  HardFault_Handler             
000003a7  MemManage_Handler             
000003a7  NMI_Handler                   
000003a7  PCM_IRQHandler                
000003a7  PORT1_IRQHandler              
000003a7  PORT2_IRQHandler              
000003a7  PORT3_IRQHandler              
000003a7  PORT4_IRQHandler              
000003a7  PORT5_IRQHandler              
000003a7  PORT6_IRQHandler              
000003a7  PSS_IRQHandler                
000003a7  PendSV_Handler                
000003a7  RTC_C_IRQHandler              
00000393  Reset_Handler                 
000003a7  SVC_Handler                   
00000375  SysTick_Handler               
00000375  SysTick_Handler               
00000261  SysTick_delay_ms              
00000181  SystemInit                    
000003a7  T32_INT1_IRQHandler           
000003a7  T32_INT2_IRQHandler           
000003a7  T32_INTC_IRQHandler           
000003a7  TA0_0_IRQHandler              
000003a7  TA0_N_IRQHandler              
000003a7  TA1_0_IRQHandler              
000003a7  TA1_N_IRQHandler              
000003a7  TA2_0_IRQHandler              
000003a7  TA2_N_IRQHandler              
000003a7  TA3_0_IRQHandler              
000003a7  TA3_N_IRQHandler              
000003a7  UsageFault_Handler            
4000480c  WDTCTL_SYM                    
000003a7  WDT_A_IRQHandler              
20010000  __STACK_END                   
00000200  __STACK_SIZE                  
000003b8  __TI_CINIT_Base               
000003c0  __TI_CINIT_Limit              
000003a8  __TI_Handler_Table_Base       
000003b0  __TI_Handler_Table_Limit      
000002b9  __TI_auto_init_nobinit_nopinit
000001f9  __TI_decompress_lzss          
00000385  __TI_decompress_none          
ffffffff  __TI_pprof_out_hndl           
ffffffff  __TI_prof_data_size           
ffffffff  __TI_prof_data_start          
00000000  __TI_static_base__            
000000e5  __aeabi_memcpy                
000000e5  __aeabi_memcpy4               
000000e5  __aeabi_memcpy8               
ffffffff  __binit__                     
ffffffff  __c_args__                    
UNDEFED   __mpu_init                    
2000fe00  __stack                       
20000000  __start___llvm_prf_cnts       
20000000  __stop___llvm_prf_cnts        
00000341  _c_int00_noargs               
UNDEFED   _system_post_cinit            
0000039f  _system_pre_init              
000003a3  abort                         
ffffffff  binit                         
00000000  interruptVectors              
000002fd  main                          
000000e5  memcpy                        


GLOBAL SYMBOLS: SORTED BY Symbol Address 

address   name                          
-------   ----                          
00000000  __TI_static_base__            
00000000  interruptVectors              
000000e5  __aeabi_memcpy                
000000e5  __aeabi_memcpy4               
000000e5  __aeabi_memcpy8               
000000e5  memcpy                        
00000181  SystemInit                    
000001f9  __TI_decompress_lzss          
00000200  __STACK_SIZE                  
00000261  SysTick_delay_ms              
000002b9  __TI_auto_init_nobinit_nopinit
000002fd  main                          
00000341  _c_int00_noargs               
00000375  SysTick_Handler               
00000375  SysTick_Handler               
00000385  __TI_decompress_none          
00000393  Reset_Handler                 
0000039f  _system_pre_init              
000003a3  C$$EXIT                       
000003a3  abort                         
000003a7  ADC14_IRQHandler              
000003a7  AES256_IRQHandler             
000003a7  BusFault_Handler              
000003a7  COMP_E0_IRQHandler            
000003a7  COMP_E1_IRQHandler            
000003a7  CS_IRQHandler                 
000003a7  DMA_ERR_IRQHandler            
000003a7  DMA_INT0_IRQHandler           
000003a7  DMA_INT1_IRQHandler           
000003a7  DMA_INT2_IRQHandler           
000003a7  DMA_INT3_IRQHandler           
000003a7  DebugMon_Handler              
000003a7  Default_Handler               
000003a7  EUSCIA0_IRQHandler            
000003a7  EUSCIA1_IRQHandler            
000003a7  EUSCIA2_IRQHandler            
000003a7  EUSCIA3_IRQHandler            
000003a7  EUSCIB0_IRQHandler            
000003a7  EUSCIB1_IRQHandler            
000003a7  EUSCIB2_IRQHandler            
000003a7  EUSCIB3_IRQHandler            
000003a7  FLCTL_IRQHandler              
000003a7  FPU_IRQHandler                
000003a7  HardFault_Handler             
000003a7  MemManage_Handler             
000003a7  NMI_Handler                   
000003a7  PCM_IRQHandler                
000003a7  PORT1_IRQHandler              
000003a7  PORT2_IRQHandler              
000003a7  PORT3_IRQHandler              
000003a7  PORT4_IRQHandler              
000003a7  PORT5_IRQHandler              
000003a7  PORT6_IRQHandler              
000003a7  PSS_IRQHandler                
000003a7  PendSV_Handler                
000003a7  RTC_C_IRQHandler              
000003a7  SVC_Handler                   
000003a7  T32_INT1_IRQHandler           
000003a7  T32_INT2_IRQHandler           
000003a7  T32_INTC_IRQHandler           
000003a7  TA0_0_IRQHandler              
000003a7  TA0_N_IRQHandler              
000003a7  TA1_0_IRQHandler              
000003a7  TA1_N_IRQHandler              
000003a7  TA2_0_IRQHandler              
000003a7  TA2_N_IRQHandler              
000003a7  TA3_0_IRQHandler              
000003a7  TA3_N_IRQHandler              
000003a7  UsageFault_Handler            
000003a7  WDT_A_IRQHandler              
000003a8  __TI_Handler_Table_Base       
000003b0  __TI_Handler_Table_Limit      
000003b8  __TI_CINIT_Base               
000003c0  __TI_CINIT_Limit              
20000000  __start___llvm_prf_cnts       
20000000  __stop___llvm_prf_cnts        
2000fe00  __stack                       
20010000  __STACK_END                   
4000480c  WDTCTL_SYM                    
ffffffff  __TI_pprof_out_hndl           
ffffffff  __TI_prof_data_size           
ffffffff  __TI_prof_data_start          
ffffffff  __binit__                     
ffffffff  __c_args__                    
ffffffff  binit                         
UNDEFED   __mpu_init                    
UNDEFED   _system_post_cinit            

[87 symbols]
