******************************************************************************
                  TI ARM Linker PC v20.2.4                     
******************************************************************************
>> Linked Wed Mar 10 15:22:25 2021

OUTPUT FILE NAME:   <empty_MSP_EXP432P401R_nortos_ccs.out>
ENTRY POINT SYMBOL: "_c_int00_noargs"  address: 000014d5


MEMORY CONFIGURATION

         name            origin    length      used     unused   attr    fill
----------------------  --------  ---------  --------  --------  ----  --------
  MAIN                  00000000   00040000  0000174a  0003e8b6  R  X
  INFO                  00200000   00004000  00000000  00004000  R  X
  SRAM_CODE             01000000   00010000  00000238  0000fdc8  RW X
  SRAM_DATA             20000000   00010000  00000238  0000fdc8  RW  


SEGMENT ALLOCATION MAP

run origin  load origin   length   init length attrs members
----------  ----------- ---------- ----------- ----- -------
00000000    00000000    00001750   00001750    r-x
  00000000    00000000    000000e4   000000e4    r-- .intvecs
  000000e4    000000e4    0000153e   0000153e    r-x .text
  00001624    00001624    000000d8   000000d8    r-- .const
  00001700    00001700    00000050   00000050    r-- .cinit
20000000    20000000    00000038   00000000    rw-
  20000000    20000000    00000024   00000000    rw- .data
  20000024    20000024    00000014   00000000    rw- .bss
2000fe00    2000fe00    00000200   00000000    rw-
  2000fe00    2000fe00    00000200   00000000    rw- .stack


SECTION ALLOCATION MAP

 output                                  attributes/
section   page    origin      length       input sections
--------  ----  ----------  ----------   ----------------
.intvecs   0    00000000    000000e4     
                  00000000    000000e4     startup_msp432p401r_ccs.obj (.intvecs:retain)

.text      0    000000e4    0000153e     
                  000000e4    000001c4     main.obj (.text:ADC14_IRQHandler)
                  000002a8    000001b6     rtsv7M4_T_le_v4SPD16_eabi.lib : fd_add_t2.asm.obj (.text)
                  0000045e    00000002     startup_msp432p401r_ccs.obj (.text:Default_Handler)
                  00000460    00000184     main.obj (.text:main)
                  000005e4    00000160     msp432p4xx_driverlib.lib : adc14.o (.text:_getIndexForMemRegister)
                  00000744    00000144                              : timer_a.o (.text:privateTimer_AProcessClockSourceDivider)
                  00000888    00000136     rtsv7M4_T_le_v4SPD16_eabi.lib : fd_div_t2.asm.obj (.text)
                  000009be    00000002     --HOLE-- [fill = 0]
                  000009c0    0000011c     msp432p4xx_driverlib.lib : uart.o (.text:UART_initModule)
                  00000adc    00000104                              : cs.o (.text:_CSComputeCLKFrequency)
                  00000be0    000000fc     rtsv7M4_T_le_v4SPD16_eabi.lib : fd_mul_t2.asm.obj (.text)
                  00000cdc    000000f8     msp432p4xx_driverlib.lib : cs.o (.text:CS_getDCOFrequency)
                  00000dd4    000000c6     main.obj (.text:itoa)
                  00000e9a    00000002     --HOLE-- [fill = 0]
                  00000e9c    000000b4     msp432p4xx_driverlib.lib : adc14.o (.text:ADC14_configureConversionMemory)
                  00000f50    000000b0     main.obj (.text:printFloat)
                  00001000    0000009c     rtsv7M4_T_le_v4SPD16_eabi.lib : memcpy_t2.asm.obj (.text)
                  0000109c    00000094     msp432p4xx_driverlib.lib : sysctl_a.o (.text:SysCtl_A_getTLVInfo)
                  00001130    00000088                              : gpio.o (.text:GPIO_setAsPeripheralModuleFunctionOutputPin)
                  000011b8    0000007c                              : cs.o (.text:_CSGetDOCFrequency)
                  00001234    00000078     system_msp432p401r.obj (.text:SystemInit)
                  000012ac    00000074     msp432p4xx_driverlib.lib : timer_a.o (.text:Timer_A_generatePWM)
                  00001320    0000006e     rtsv7M4_T_le_v4SPD16_eabi.lib : fd_tos_t2.asm.obj (.text)
                  0000138e    00000068                                   : copy_decompress_lzss.c.obj (.text:decompress:lzss:__TI_decompress_lzss)
                  000013f6    00000062     msp432p4xx_driverlib.lib : cs.o (.text:_CSGetDividerValue)
                  00001458    00000044     rtsv7M4_T_le_v4SPD16_eabi.lib : autoinit.c.obj (.text:__TI_auto_init_nobinit_nopinit:__TI_auto_init_nobinit_nopinit)
                  0000149c    00000038                                   : fs_tod_t2.asm.obj (.text)
                  000014d4    00000034                                   : boot_cortex_m.c.obj (.text:_c_int00_noargs:_c_int00_noargs)
                  00001508    00000030     msp432p4xx_driverlib.lib : cs.o (.text:CS_clearInterruptFlag)
                  00001538    0000002c     main.obj (.text:transmit)
                  00001564    00000028     msp432p4xx_driverlib.lib : adc14.o (.text:ADC14_getResult)
                  0000158c    00000028                              : cs.o (.text:CS_getSMCLK)
                  000015b4    00000020     rtsv7M4_T_le_v4SPD16_eabi.lib : u_tofd_t2.asm.obj (.text)
                  000015d4    0000001c                                   : copy_zero_init.c.obj (.text:decompress:ZI:__TI_zero_init_nomemset:__TI_zero_init_nomemset)
                  000015f0    00000010     msp432p4xx_driverlib.lib : adc14.o (.text:ADCIsConversionRunning)
                  00001600    0000000e     rtsv7M4_T_le_v4SPD16_eabi.lib : copy_decompress_none.c.obj (.text:decompress:none:__TI_decompress_none)
                  0000160e    0000000c     startup_msp432p401r_ccs.obj (.text:Reset_Handler)
                  0000161a    00000004     rtsv7M4_T_le_v4SPD16_eabi.lib : pre_init.c.obj (.text:_system_pre_init)
                  0000161e    00000004                                   : exit.c.obj (.text:abort:abort)

.const     0    00001624    000000d8     
                  00001624    00000080     msp432p4xx_driverlib.lib : adc14.o (.const:_ctlRegs)
                  000016a4    00000030                              : gpio.o (.const:GPIO_PORT_TO_BASE)
                  000016d4    00000028     main.obj (.const:uartConfig)

.cinit     0    00001700    00000050     
                  00001700    00000028     (.cinit..data.load) [load image, compression = lzss]
                  00001728    0000000c     (__TI_handler_table)
                  00001734    00000004     --HOLE-- [fill = 0]
                  00001738    00000008     (.cinit..bss.load) [load image, compression = zero_init]
                  00001740    00000010     (__TI_cinit_table)

.init_array 
*          0    00000000    00000000     UNINITIALIZED

.binit     0    00000000    00000000     

.data      0    20000000    00000024     UNINITIALIZED
                  20000000    00000018     main.obj (.data:pwmConfig)
                  20000018    0000000c     main.obj (.data)

.bss       0    20000024    00000014     UNINITIALIZED
                  20000024    00000008     main.obj (.bss)
                  2000002c    00000008     msp432p4xx_driverlib.lib : cs.o (.bss)
                  20000034    00000004     (.common:x)

.stack     0    2000fe00    00000200     UNINITIALIZED
                  2000fe00    00000004     rtsv7M4_T_le_v4SPD16_eabi.lib : boot_cortex_m.c.obj (.stack)
                  2000fe04    000001fc     --HOLE--

__llvm_prf_cnts 
*          0    20000000    00000000     UNINITIALIZED

MODULE SUMMARY

       Module                        code   ro data   rw data
       ------                        ----   -------   -------
    .\
       main.obj                      1258   40        96     
       system_msp432p401r.obj        120    0         0      
    +--+-----------------------------+------+---------+---------+
       Total:                        1378   40        96     
                                                             
    .\ccs\
       startup_msp432p401r_ccs.obj   14     228       0      
    +--+-----------------------------+------+---------+---------+
       Total:                        14     228       0      
                                                             
    C:/ti/simplelink_msp432p4_sdk_3_40_01_02/source/ti/devices/msp432p4xx/driverlib/ccs/msp432p4xx_driverlib.lib
       cs.o                          818    0         16     
       adc14.o                       588    128       0      
       timer_a.o                     440    0         0      
       uart.o                        284    0         0      
       gpio.o                        136    48        0      
       sysctl_a.o                    148    0         0      
    +--+-----------------------------+------+---------+---------+
       Total:                        2414   176       16     
                                                             
    C:\ti\ccs1011\ccs\tools\compiler\ti-cgt-arm_20.2.4.LTS\lib\rtsv7M4_T_le_v4SPD16_eabi.lib
       fd_add_t2.asm.obj             438    0         0      
       fd_div_t2.asm.obj             310    0         0      
       fd_mul_t2.asm.obj             252    0         0      
       memcpy_t2.asm.obj             156    0         0      
       fd_tos_t2.asm.obj             110    0         0      
       copy_decompress_lzss.c.obj    104    0         0      
       autoinit.c.obj                68     0         0      
       fs_tod_t2.asm.obj             56     0         0      
       boot_cortex_m.c.obj           52     0         0      
       u_tofd_t2.asm.obj             32     0         0      
       copy_zero_init.c.obj          28     0         0      
       copy_decompress_none.c.obj    14     0         0      
       exit.c.obj                    4      0         0      
       pre_init.c.obj                4      0         0      
    +--+-----------------------------+------+---------+---------+
       Total:                        1628   0         0      
                                                             
       Stack:                        0      0         1024   
       Linker Generated:             0      76        0      
    +--+-----------------------------+------+---------+---------+
       Grand Total:                  5434   520       1136   


LINKER GENERATED COPY TABLES

__TI_cinit_table @ 00001740 records: 2, size/record: 8, table size: 16
	.data: load addr=00001700, load size=00000028 bytes, run addr=20000000, run size=00000024 bytes, compression=lzss
	.bss: load addr=00001738, load size=00000008 bytes, run addr=20000024, run size=00000014 bytes, compression=zero_init


LINKER GENERATED HANDLER TABLE

__TI_handler_table @ 00001728 records: 3, size/record: 4, table size: 12
	index: 0, handler: __TI_decompress_lzss
	index: 1, handler: __TI_decompress_none
	index: 2, handler: __TI_zero_init


GLOBAL SYMBOLS: SORTED ALPHABETICALLY BY Name 

address   name                                       
-------   ----                                       
000000e5  ADC14_IRQHandler                           
000000e5  ADC14_IRQHandler                           
00000e9d  ADC14_configureConversionMemory            
00001565  ADC14_getResult                            
0000045f  AES256_IRQHandler                          
0000045f  BusFault_Handler                           
0000161f  C$$EXIT                                    
0000045f  COMP_E0_IRQHandler                         
0000045f  COMP_E1_IRQHandler                         
0000045f  CS_IRQHandler                              
00001509  CS_clearInterruptFlag                      
00000cdd  CS_getDCOFrequency                         
0000158d  CS_getSMCLK                                
2000001c  D                                          
0000045f  DMA_ERR_IRQHandler                         
0000045f  DMA_INT0_IRQHandler                        
0000045f  DMA_INT1_IRQHandler                        
0000045f  DMA_INT2_IRQHandler                        
0000045f  DMA_INT3_IRQHandler                        
0000045f  DebugMon_Handler                           
0000045f  Default_Handler                            
0000045f  EUSCIA0_IRQHandler                         
0000045f  EUSCIA1_IRQHandler                         
0000045f  EUSCIA2_IRQHandler                         
0000045f  EUSCIA3_IRQHandler                         
0000045f  EUSCIB0_IRQHandler                         
0000045f  EUSCIB1_IRQHandler                         
0000045f  EUSCIB2_IRQHandler                         
0000045f  EUSCIB3_IRQHandler                         
0000045f  FLCTL_IRQHandler                           
0000045f  FPU_IRQHandler                             
00001131  GPIO_setAsPeripheralModuleFunctionOutputPin
0000045f  HardFault_Handler                          
0000045f  MemManage_Handler                          
0000045f  NMI_Handler                                
0000045f  PCM_IRQHandler                             
0000045f  PORT1_IRQHandler                           
0000045f  PORT2_IRQHandler                           
0000045f  PORT3_IRQHandler                           
0000045f  PORT4_IRQHandler                           
0000045f  PORT5_IRQHandler                           
0000045f  PORT6_IRQHandler                           
0000045f  PSS_IRQHandler                             
0000045f  PendSV_Handler                             
0000045f  RTC_C_IRQHandler                           
0000160f  Reset_Handler                              
0000045f  SVC_Handler                                
0000109d  SysCtl_A_getTLVInfo                        
0000045f  SysTick_Handler                            
00001235  SystemInit                                 
0000045f  T32_INT1_IRQHandler                        
0000045f  T32_INT2_IRQHandler                        
0000045f  T32_INTC_IRQHandler                        
0000045f  TA0_0_IRQHandler                           
0000045f  TA0_N_IRQHandler                           
0000045f  TA1_0_IRQHandler                           
0000045f  TA1_N_IRQHandler                           
0000045f  TA2_0_IRQHandler                           
0000045f  TA2_N_IRQHandler                           
0000045f  TA3_0_IRQHandler                           
0000045f  TA3_N_IRQHandler                           
000012ad  Timer_A_generatePWM                        
000009c1  UART_initModule                            
0000045f  UsageFault_Handler                         
4000480c  WDTCTL_SYM                                 
0000045f  WDT_A_IRQHandler                           
20010000  __STACK_END                                
00000200  __STACK_SIZE                               
00001740  __TI_CINIT_Base                            
00001750  __TI_CINIT_Limit                           
00001728  __TI_Handler_Table_Base                    
00001734  __TI_Handler_Table_Limit                   
00001459  __TI_auto_init_nobinit_nopinit             
0000138f  __TI_decompress_lzss                       
00001601  __TI_decompress_none                       
ffffffff  __TI_pprof_out_hndl                        
ffffffff  __TI_prof_data_size                        
ffffffff  __TI_prof_data_start                       
00000000  __TI_static_base__                         
000015d5  __TI_zero_init_nomemset                    
00001321  __aeabi_d2f                                
000002b3  __aeabi_dadd                               
00000889  __aeabi_ddiv                               
00000be1  __aeabi_dmul                               
000002a9  __aeabi_dsub                               
0000149d  __aeabi_f2d                                
00001001  __aeabi_memcpy                             
00001001  __aeabi_memcpy4                            
00001001  __aeabi_memcpy8                            
000015b5  __aeabi_ui2d                               
ffffffff  __binit__                                  
ffffffff  __c_args__                                 
UNDEFED   __mpu_init                                 
2000fe00  __stack                                    
20000000  __start___llvm_prf_cnts                    
20000000  __stop___llvm_prf_cnts                     
000014d5  _c_int00_noargs                            
UNDEFED   _system_post_cinit                         
0000161b  _system_pre_init                           
0000161f  abort                                      
ffffffff  binit                                      
00000000  interruptVectors                           
00000dd5  itoa                                       
00000461  main                                       
00001001  memcpy                                     
20000018  period                                     
00000f51  printFloat                                 
20000000  pwmConfig                                  
20000020  state                                      
00001539  transmit                                   
000016d4  uartConfig                                 
20000034  x                                          


GLOBAL SYMBOLS: SORTED BY Symbol Address 

address   name                                       
-------   ----                                       
00000000  __TI_static_base__                         
00000000  interruptVectors                           
000000e5  ADC14_IRQHandler                           
000000e5  ADC14_IRQHandler                           
00000200  __STACK_SIZE                               
000002a9  __aeabi_dsub                               
000002b3  __aeabi_dadd                               
0000045f  AES256_IRQHandler                          
0000045f  BusFault_Handler                           
0000045f  COMP_E0_IRQHandler                         
0000045f  COMP_E1_IRQHandler                         
0000045f  CS_IRQHandler                              
0000045f  DMA_ERR_IRQHandler                         
0000045f  DMA_INT0_IRQHandler                        
0000045f  DMA_INT1_IRQHandler                        
0000045f  DMA_INT2_IRQHandler                        
0000045f  DMA_INT3_IRQHandler                        
0000045f  DebugMon_Handler                           
0000045f  Default_Handler                            
0000045f  EUSCIA0_IRQHandler                         
0000045f  EUSCIA1_IRQHandler                         
0000045f  EUSCIA2_IRQHandler                         
0000045f  EUSCIA3_IRQHandler                         
0000045f  EUSCIB0_IRQHandler                         
0000045f  EUSCIB1_IRQHandler                         
0000045f  EUSCIB2_IRQHandler                         
0000045f  EUSCIB3_IRQHandler                         
0000045f  FLCTL_IRQHandler                           
0000045f  FPU_IRQHandler                             
0000045f  HardFault_Handler                          
0000045f  MemManage_Handler                          
0000045f  NMI_Handler                                
0000045f  PCM_IRQHandler                             
0000045f  PORT1_IRQHandler                           
0000045f  PORT2_IRQHandler                           
0000045f  PORT3_IRQHandler                           
0000045f  PORT4_IRQHandler                           
0000045f  PORT5_IRQHandler                           
0000045f  PORT6_IRQHandler                           
0000045f  PSS_IRQHandler                             
0000045f  PendSV_Handler                             
0000045f  RTC_C_IRQHandler                           
0000045f  SVC_Handler                                
0000045f  SysTick_Handler                            
0000045f  T32_INT1_IRQHandler                        
0000045f  T32_INT2_IRQHandler                        
0000045f  T32_INTC_IRQHandler                        
0000045f  TA0_0_IRQHandler                           
0000045f  TA0_N_IRQHandler                           
0000045f  TA1_0_IRQHandler                           
0000045f  TA1_N_IRQHandler                           
0000045f  TA2_0_IRQHandler                           
0000045f  TA2_N_IRQHandler                           
0000045f  TA3_0_IRQHandler                           
0000045f  TA3_N_IRQHandler                           
0000045f  UsageFault_Handler                         
0000045f  WDT_A_IRQHandler                           
00000461  main                                       
00000889  __aeabi_ddiv                               
000009c1  UART_initModule                            
00000be1  __aeabi_dmul                               
00000cdd  CS_getDCOFrequency                         
00000dd5  itoa                                       
00000e9d  ADC14_configureConversionMemory            
00000f51  printFloat                                 
00001001  __aeabi_memcpy                             
00001001  __aeabi_memcpy4                            
00001001  __aeabi_memcpy8                            
00001001  memcpy                                     
0000109d  SysCtl_A_getTLVInfo                        
00001131  GPIO_setAsPeripheralModuleFunctionOutputPin
00001235  SystemInit                                 
000012ad  Timer_A_generatePWM                        
00001321  __aeabi_d2f                                
0000138f  __TI_decompress_lzss                       
00001459  __TI_auto_init_nobinit_nopinit             
0000149d  __aeabi_f2d                                
000014d5  _c_int00_noargs                            
00001509  CS_clearInterruptFlag                      
00001539  transmit                                   
00001565  ADC14_getResult                            
0000158d  CS_getSMCLK                                
000015b5  __aeabi_ui2d                               
000015d5  __TI_zero_init_nomemset                    
00001601  __TI_decompress_none                       
0000160f  Reset_Handler                              
0000161b  _system_pre_init                           
0000161f  C$$EXIT                                    
0000161f  abort                                      
000016d4  uartConfig                                 
00001728  __TI_Handler_Table_Base                    
00001734  __TI_Handler_Table_Limit                   
00001740  __TI_CINIT_Base                            
00001750  __TI_CINIT_Limit                           
20000000  __start___llvm_prf_cnts                    
20000000  __stop___llvm_prf_cnts                     
20000000  pwmConfig                                  
20000018  period                                     
2000001c  D                                          
20000020  state                                      
20000034  x                                          
2000fe00  __stack                                    
20010000  __STACK_END                                
4000480c  WDTCTL_SYM                                 
ffffffff  __TI_pprof_out_hndl                        
ffffffff  __TI_prof_data_size                        
ffffffff  __TI_prof_data_start                       
ffffffff  __binit__                                  
ffffffff  __c_args__                                 
ffffffff  binit                                      
UNDEFED   __mpu_init                                 
UNDEFED   _system_post_cinit                         

[112 symbols]
