******************************************************************************
                  TI ARM Linker PC v20.2.4                     
******************************************************************************
>> Linked Mon Mar 15 11:27:37 2021

OUTPUT FILE NAME:   <temperature dependent pwm.out>
ENTRY POINT SYMBOL: "_c_int00_noargs"  address: 000013e5


MEMORY CONFIGURATION

         name            origin    length      used     unused   attr    fill
----------------------  --------  ---------  --------  --------  ----  --------
  MAIN                  00000000   00040000  00001676  0003e98a  R  X
  INFO                  00200000   00004000  00000000  00004000  R  X
  SRAM_CODE             01000000   00010000  00000228  0000fdd8  RW X
  SRAM_DATA             20000000   00010000  00000228  0000fdd8  RW  


SEGMENT ALLOCATION MAP

run origin  load origin   length   init length attrs members
----------  ----------- ---------- ----------- ----- -------
00000000    00000000    00001678   00001678    r-x
  00000000    00000000    000000e4   000000e4    r-- .intvecs
  000000e4    000000e4    0000147a   0000147a    r-x .text
  00001560    00001560    000000d8   000000d8    r-- .const
  00001638    00001638    00000040   00000040    r-- .cinit
20000000    20000000    00000028   00000000    rw-
  20000000    20000000    00000018   00000000    rw- .data
  20000018    20000018    00000010   00000000    rw- .bss
2000fe00    2000fe00    00000200   00000000    rw-
  2000fe00    2000fe00    00000200   00000000    rw- .stack


SECTION ALLOCATION MAP

 output                                  attributes/
section   page    origin      length       input sections
--------  ----  ----------  ----------   ----------------
.intvecs   0    00000000    000000e4     
                  00000000    000000e4     startup_msp432p401r_ccs.obj (.intvecs:retain)

.text      0    000000e4    0000147a     
                  000000e4    000001e4     main.obj (.text:main)
                  000002c8    000001b6     rtsv7M4_T_le_v4SPD16_eabi.lib : fd_add_t2.asm.obj (.text)
                  0000047e    00000002     startup_msp432p401r_ccs.obj (.text:Default_Handler)
                  00000480    00000160     msp432p4xx_driverlib.lib : adc14.o (.text:_getIndexForMemRegister)
                  000005e0    00000144                              : timer_a.o (.text:privateTimer_AProcessClockSourceDivider)
                  00000724    00000136     rtsv7M4_T_le_v4SPD16_eabi.lib : fd_div_t2.asm.obj (.text)
                  0000085a    00000002     --HOLE-- [fill = 0]
                  0000085c    00000124     main.obj (.text:ADC14_IRQHandler)
                  00000980    0000011c     msp432p4xx_driverlib.lib : uart.o (.text:UART_initModule)
                  00000a9c    00000104                              : cs.o (.text:_CSComputeCLKFrequency)
                  00000ba0    000000fc     rtsv7M4_T_le_v4SPD16_eabi.lib : fd_mul_t2.asm.obj (.text)
                  00000c9c    000000f8     msp432p4xx_driverlib.lib : cs.o (.text:CS_getDCOFrequency)
                  00000d94    000000c6     main.obj (.text:itoa)
                  00000e5a    00000002     --HOLE-- [fill = 0]
                  00000e5c    000000b4     msp432p4xx_driverlib.lib : adc14.o (.text:ADC14_configureConversionMemory)
                  00000f10    0000009c     rtsv7M4_T_le_v4SPD16_eabi.lib : memcpy_t2.asm.obj (.text)
                  00000fac    00000094     msp432p4xx_driverlib.lib : sysctl_a.o (.text:SysCtl_A_getTLVInfo)
                  00001040    00000088                              : gpio.o (.text:GPIO_setAsPeripheralModuleFunctionOutputPin)
                  000010c8    0000007c                              : cs.o (.text:_CSGetDOCFrequency)
                  00001144    00000078     system_msp432p401r.obj (.text:SystemInit)
                  000011bc    00000074     msp432p4xx_driverlib.lib : timer_a.o (.text:Timer_A_generatePWM)
                  00001230    0000006e     rtsv7M4_T_le_v4SPD16_eabi.lib : fd_tos_t2.asm.obj (.text)
                  0000129e    00000068                                   : copy_decompress_lzss.c.obj (.text:decompress:lzss:__TI_decompress_lzss)
                  00001306    00000062     msp432p4xx_driverlib.lib : cs.o (.text:_CSGetDividerValue)
                  00001368    00000044     rtsv7M4_T_le_v4SPD16_eabi.lib : autoinit.c.obj (.text:__TI_auto_init_nobinit_nopinit:__TI_auto_init_nobinit_nopinit)
                  000013ac    00000038                                   : fs_tod_t2.asm.obj (.text)
                  000013e4    00000034                                   : boot_cortex_m.c.obj (.text:_c_int00_noargs:_c_int00_noargs)
                  00001418    00000030     msp432p4xx_driverlib.lib : cs.o (.text:CS_clearInterruptFlag)
                  00001448    0000002c     main.obj (.text:printFloat)
                  00001474    0000002c     main.obj (.text:transmit)
                  000014a0    00000028     msp432p4xx_driverlib.lib : adc14.o (.text:ADC14_getResult)
                  000014c8    00000028                              : cs.o (.text:CS_getSMCLK)
                  000014f0    00000020     rtsv7M4_T_le_v4SPD16_eabi.lib : u_tofd_t2.asm.obj (.text)
                  00001510    0000001c                                   : copy_zero_init.c.obj (.text:decompress:ZI:__TI_zero_init_nomemset:__TI_zero_init_nomemset)
                  0000152c    00000010     msp432p4xx_driverlib.lib : adc14.o (.text:ADCIsConversionRunning)
                  0000153c    0000000e     rtsv7M4_T_le_v4SPD16_eabi.lib : copy_decompress_none.c.obj (.text:decompress:none:__TI_decompress_none)
                  0000154a    0000000c     startup_msp432p401r_ccs.obj (.text:Reset_Handler)
                  00001556    00000004     rtsv7M4_T_le_v4SPD16_eabi.lib : pre_init.c.obj (.text:_system_pre_init)
                  0000155a    00000004                                   : exit.c.obj (.text:abort:abort)

.const     0    00001560    000000d8     
                  00001560    00000080     msp432p4xx_driverlib.lib : adc14.o (.const:_ctlRegs)
                  000015e0    00000030                              : gpio.o (.const:GPIO_PORT_TO_BASE)
                  00001610    00000028     main.obj (.const:uartConfig)

.cinit     0    00001638    00000040     
                  00001638    0000001c     (.cinit..data.load) [load image, compression = lzss]
                  00001654    0000000c     (__TI_handler_table)
                  00001660    00000008     (.cinit..bss.load) [load image, compression = zero_init]
                  00001668    00000010     (__TI_cinit_table)

.init_array 
*          0    00000000    00000000     UNINITIALIZED

.binit     0    00000000    00000000     

.data      0    20000000    00000018     UNINITIALIZED
                  20000000    00000018     main.obj (.data:pwmConfig)

.bss       0    20000018    00000010     UNINITIALIZED
                  20000018    00000008     main.obj (.bss)
                  20000020    00000008     msp432p4xx_driverlib.lib : cs.o (.bss)

.stack     0    2000fe00    00000200     UNINITIALIZED
                  2000fe00    00000004     rtsv7M4_T_le_v4SPD16_eabi.lib : boot_cortex_m.c.obj (.stack)
                  2000fe04    000001fc     --HOLE--

__llvm_prf_cnts 
*          0    20000000    00000000     UNINITIALIZED

MODULE SUMMARY

       Module                        code   ro data   rw data
       ------                        ----   -------   -------
    .\
       main.obj                      1062   40        64     
       system_msp432p401r.obj        120    0         0      
    +--+-----------------------------+------+---------+---------+
       Total:                        1182   40        64     
                                                             
    .\ccs\
       startup_msp432p401r_ccs.obj   14     228       0      
    +--+-----------------------------+------+---------+---------+
       Total:                        14     228       0      
                                                             
    C:/ti/simplelink_msp432p4_sdk_3_40_01_02/source/ti/devices/msp432p4xx/driverlib/ccs/msp432p4xx_driverlib.lib
       cs.o                          818    0         16     
       adc14.o                       588    128       0      
       timer_a.o                     440    0         0      
       uart.o                        284    0         0      
       gpio.o                        136    48        0      
       sysctl_a.o                    148    0         0      
    +--+-----------------------------+------+---------+---------+
       Total:                        2414   176       16     
                                                             
    C:\ti\ccs1011\ccs\tools\compiler\ti-cgt-arm_20.2.4.LTS\lib\rtsv7M4_T_le_v4SPD16_eabi.lib
       fd_add_t2.asm.obj             438    0         0      
       fd_div_t2.asm.obj             310    0         0      
       fd_mul_t2.asm.obj             252    0         0      
       memcpy_t2.asm.obj             156    0         0      
       fd_tos_t2.asm.obj             110    0         0      
       copy_decompress_lzss.c.obj    104    0         0      
       autoinit.c.obj                68     0         0      
       fs_tod_t2.asm.obj             56     0         0      
       boot_cortex_m.c.obj           52     0         0      
       u_tofd_t2.asm.obj             32     0         0      
       copy_zero_init.c.obj          28     0         0      
       copy_decompress_none.c.obj    14     0         0      
       exit.c.obj                    4      0         0      
       pre_init.c.obj                4      0         0      
    +--+-----------------------------+------+---------+---------+
       Total:                        1628   0         0      
                                                             
       Stack:                        0      0         1024   
       Linker Generated:             0      64        0      
    +--+-----------------------------+------+---------+---------+
       Grand Total:                  5238   508       1104   


LINKER GENERATED COPY TABLES

__TI_cinit_table @ 00001668 records: 2, size/record: 8, table size: 16
	.data: load addr=00001638, load size=0000001c bytes, run addr=20000000, run size=00000018 bytes, compression=lzss
	.bss: load addr=00001660, load size=00000008 bytes, run addr=20000018, run size=00000010 bytes, compression=zero_init


LINKER GENERATED HANDLER TABLE

__TI_handler_table @ 00001654 records: 3, size/record: 4, table size: 12
	index: 0, handler: __TI_decompress_lzss
	index: 1, handler: __TI_decompress_none
	index: 2, handler: __TI_zero_init


GLOBAL SYMBOLS: SORTED ALPHABETICALLY BY Name 

address   name                                       
-------   ----                                       
0000085d  ADC14_IRQHandler                           
0000085d  ADC14_IRQHandler                           
00000e5d  ADC14_configureConversionMemory            
000014a1  ADC14_getResult                            
0000047f  AES256_IRQHandler                          
0000047f  BusFault_Handler                           
0000155b  C$$EXIT                                    
0000047f  COMP_E0_IRQHandler                         
0000047f  COMP_E1_IRQHandler                         
0000047f  CS_IRQHandler                              
00001419  CS_clearInterruptFlag                      
00000c9d  CS_getDCOFrequency                         
000014c9  CS_getSMCLK                                
0000047f  DMA_ERR_IRQHandler                         
0000047f  DMA_INT0_IRQHandler                        
0000047f  DMA_INT1_IRQHandler                        
0000047f  DMA_INT2_IRQHandler                        
0000047f  DMA_INT3_IRQHandler                        
0000047f  DebugMon_Handler                           
0000047f  Default_Handler                            
0000047f  EUSCIA0_IRQHandler                         
0000047f  EUSCIA1_IRQHandler                         
0000047f  EUSCIA2_IRQHandler                         
0000047f  EUSCIA3_IRQHandler                         
0000047f  EUSCIB0_IRQHandler                         
0000047f  EUSCIB1_IRQHandler                         
0000047f  EUSCIB2_IRQHandler                         
0000047f  EUSCIB3_IRQHandler                         
0000047f  FLCTL_IRQHandler                           
0000047f  FPU_IRQHandler                             
00001041  GPIO_setAsPeripheralModuleFunctionOutputPin
0000047f  HardFault_Handler                          
0000047f  MemManage_Handler                          
0000047f  NMI_Handler                                
0000047f  PCM_IRQHandler                             
0000047f  PORT1_IRQHandler                           
0000047f  PORT2_IRQHandler                           
0000047f  PORT3_IRQHandler                           
0000047f  PORT4_IRQHandler                           
0000047f  PORT5_IRQHandler                           
0000047f  PORT6_IRQHandler                           
0000047f  PSS_IRQHandler                             
0000047f  PendSV_Handler                             
0000047f  RTC_C_IRQHandler                           
0000154b  Reset_Handler                              
0000047f  SVC_Handler                                
00000fad  SysCtl_A_getTLVInfo                        
0000047f  SysTick_Handler                            
00001145  SystemInit                                 
0000047f  T32_INT1_IRQHandler                        
0000047f  T32_INT2_IRQHandler                        
0000047f  T32_INTC_IRQHandler                        
0000047f  TA0_0_IRQHandler                           
0000047f  TA0_N_IRQHandler                           
0000047f  TA1_0_IRQHandler                           
0000047f  TA1_N_IRQHandler                           
0000047f  TA2_0_IRQHandler                           
0000047f  TA2_N_IRQHandler                           
0000047f  TA3_0_IRQHandler                           
0000047f  TA3_N_IRQHandler                           
000011bd  Timer_A_generatePWM                        
00000981  UART_initModule                            
0000047f  UsageFault_Handler                         
4000480c  WDTCTL_SYM                                 
0000047f  WDT_A_IRQHandler                           
20010000  __STACK_END                                
00000200  __STACK_SIZE                               
00001668  __TI_CINIT_Base                            
00001678  __TI_CINIT_Limit                           
00001654  __TI_Handler_Table_Base                    
00001660  __TI_Handler_Table_Limit                   
00001369  __TI_auto_init_nobinit_nopinit             
0000129f  __TI_decompress_lzss                       
0000153d  __TI_decompress_none                       
ffffffff  __TI_pprof_out_hndl                        
ffffffff  __TI_prof_data_size                        
ffffffff  __TI_prof_data_start                       
00000000  __TI_static_base__                         
00001511  __TI_zero_init_nomemset                    
00001231  __aeabi_d2f                                
000002d3  __aeabi_dadd                               
00000725  __aeabi_ddiv                               
00000ba1  __aeabi_dmul                               
000002c9  __aeabi_dsub                               
000013ad  __aeabi_f2d                                
00000f11  __aeabi_memcpy                             
00000f11  __aeabi_memcpy4                            
00000f11  __aeabi_memcpy8                            
000014f1  __aeabi_ui2d                               
ffffffff  __binit__                                  
ffffffff  __c_args__                                 
UNDEFED   __mpu_init                                 
2000fe00  __stack                                    
20000000  __start___llvm_prf_cnts                    
20000000  __stop___llvm_prf_cnts                     
000013e5  _c_int00_noargs                            
UNDEFED   _system_post_cinit                         
00001557  _system_pre_init                           
0000155b  abort                                      
ffffffff  binit                                      
00000000  interruptVectors                           
00000d95  itoa                                       
000000e5  main                                       
00000f11  memcpy                                     
00001449  printFloat                                 
20000000  pwmConfig                                  
00001475  transmit                                   
00001610  uartConfig                                 


GLOBAL SYMBOLS: SORTED BY Symbol Address 

address   name                                       
-------   ----                                       
00000000  __TI_static_base__                         
00000000  interruptVectors                           
000000e5  main                                       
00000200  __STACK_SIZE                               
000002c9  __aeabi_dsub                               
000002d3  __aeabi_dadd                               
0000047f  AES256_IRQHandler                          
0000047f  BusFault_Handler                           
0000047f  COMP_E0_IRQHandler                         
0000047f  COMP_E1_IRQHandler                         
0000047f  CS_IRQHandler                              
0000047f  DMA_ERR_IRQHandler                         
0000047f  DMA_INT0_IRQHandler                        
0000047f  DMA_INT1_IRQHandler                        
0000047f  DMA_INT2_IRQHandler                        
0000047f  DMA_INT3_IRQHandler                        
0000047f  DebugMon_Handler                           
0000047f  Default_Handler                            
0000047f  EUSCIA0_IRQHandler                         
0000047f  EUSCIA1_IRQHandler                         
0000047f  EUSCIA2_IRQHandler                         
0000047f  EUSCIA3_IRQHandler                         
0000047f  EUSCIB0_IRQHandler                         
0000047f  EUSCIB1_IRQHandler                         
0000047f  EUSCIB2_IRQHandler                         
0000047f  EUSCIB3_IRQHandler                         
0000047f  FLCTL_IRQHandler                           
0000047f  FPU_IRQHandler                             
0000047f  HardFault_Handler                          
0000047f  MemManage_Handler                          
0000047f  NMI_Handler                                
0000047f  PCM_IRQHandler                             
0000047f  PORT1_IRQHandler                           
0000047f  PORT2_IRQHandler                           
0000047f  PORT3_IRQHandler                           
0000047f  PORT4_IRQHandler                           
0000047f  PORT5_IRQHandler                           
0000047f  PORT6_IRQHandler                           
0000047f  PSS_IRQHandler                             
0000047f  PendSV_Handler                             
0000047f  RTC_C_IRQHandler                           
0000047f  SVC_Handler                                
0000047f  SysTick_Handler                            
0000047f  T32_INT1_IRQHandler                        
0000047f  T32_INT2_IRQHandler                        
0000047f  T32_INTC_IRQHandler                        
0000047f  TA0_0_IRQHandler                           
0000047f  TA0_N_IRQHandler                           
0000047f  TA1_0_IRQHandler                           
0000047f  TA1_N_IRQHandler                           
0000047f  TA2_0_IRQHandler                           
0000047f  TA2_N_IRQHandler                           
0000047f  TA3_0_IRQHandler                           
0000047f  TA3_N_IRQHandler                           
0000047f  UsageFault_Handler                         
0000047f  WDT_A_IRQHandler                           
00000725  __aeabi_ddiv                               
0000085d  ADC14_IRQHandler                           
0000085d  ADC14_IRQHandler                           
00000981  UART_initModule                            
00000ba1  __aeabi_dmul                               
00000c9d  CS_getDCOFrequency                         
00000d95  itoa                                       
00000e5d  ADC14_configureConversionMemory            
00000f11  __aeabi_memcpy                             
00000f11  __aeabi_memcpy4                            
00000f11  __aeabi_memcpy8                            
00000f11  memcpy                                     
00000fad  SysCtl_A_getTLVInfo                        
00001041  GPIO_setAsPeripheralModuleFunctionOutputPin
00001145  SystemInit                                 
000011bd  Timer_A_generatePWM                        
00001231  __aeabi_d2f                                
0000129f  __TI_decompress_lzss                       
00001369  __TI_auto_init_nobinit_nopinit             
000013ad  __aeabi_f2d                                
000013e5  _c_int00_noargs                            
00001419  CS_clearInterruptFlag                      
00001449  printFloat                                 
00001475  transmit                                   
000014a1  ADC14_getResult                            
000014c9  CS_getSMCLK                                
000014f1  __aeabi_ui2d                               
00001511  __TI_zero_init_nomemset                    
0000153d  __TI_decompress_none                       
0000154b  Reset_Handler                              
00001557  _system_pre_init                           
0000155b  C$$EXIT                                    
0000155b  abort                                      
00001610  uartConfig                                 
00001654  __TI_Handler_Table_Base                    
00001660  __TI_Handler_Table_Limit                   
00001668  __TI_CINIT_Base                            
00001678  __TI_CINIT_Limit                           
20000000  __start___llvm_prf_cnts                    
20000000  __stop___llvm_prf_cnts                     
20000000  pwmConfig                                  
2000fe00  __stack                                    
20010000  __STACK_END                                
4000480c  WDTCTL_SYM                                 
ffffffff  __TI_pprof_out_hndl                        
ffffffff  __TI_prof_data_size                        
ffffffff  __TI_prof_data_start                       
ffffffff  __binit__                                  
ffffffff  __c_args__                                 
ffffffff  binit                                      
UNDEFED   __mpu_init                                 
UNDEFED   _system_post_cinit                         

[108 symbols]
