******************************************************************************
                  TI ARM Linker PC v20.2.4                     
******************************************************************************
>> Linked Thu Mar  4 12:47:04 2021

OUTPUT FILE NAME:   <adc14_single_conversion_repeat_MSP_EXP432P401R_nortos_ccs.out>
ENTRY POINT SYMBOL: "_c_int00_noargs"  address: 0000141d


MEMORY CONFIGURATION

         name            origin    length      used     unused   attr    fill
----------------------  --------  ---------  --------  --------  ----  --------
  MAIN                  00000000   00040000  00001682  0003e97e  R  X
  INFO                  00200000   00004000  00000000  00004000  R  X
  SRAM_CODE             01000000   00010000  00000228  0000fdd8  RW X
  SRAM_DATA             20000000   00010000  00000228  0000fdd8  RW  


SEGMENT ALLOCATION MAP

run origin  load origin   length   init length attrs members
----------  ----------- ---------- ----------- ----- -------
00000000    00000000    00001688   00001688    r-x
  00000000    00000000    000000e4   000000e4    r-- .intvecs
  000000e4    000000e4    00001486   00001486    r-x .text
  0000156c    0000156c    000000d8   000000d8    r-- .const
  00001648    00001648    00000040   00000040    r-- .cinit
20000000    20000000    00000028   00000000    rw-
  20000000    20000000    00000018   00000000    rw- .data
  20000018    20000018    00000010   00000000    rw- .bss
2000fe00    2000fe00    00000200   00000000    rw-
  2000fe00    2000fe00    00000200   00000000    rw- .stack


SECTION ALLOCATION MAP

 output                                  attributes/
section   page    origin      length       input sections
--------  ----  ----------  ----------   ----------------
.intvecs   0    00000000    000000e4     
                  00000000    000000e4     startup_msp432p401r_ccs.obj (.intvecs:retain)

.text      0    000000e4    00001486     
                  000000e4    000001b6     rtsv7M4_T_le_v4SPD16_eabi.lib : fd_add_t2.asm.obj (.text)
                  0000029a    00000002     startup_msp432p401r_ccs.obj (.text:Default_Handler)
                  0000029c    00000184     adc14_single_conversion_repeat.obj (.text:main)
                  00000420    00000160     msp432p4xx_driverlib.lib : adc14.o (.text:_getIndexForMemRegister)
                  00000580    00000144                              : timer_a.o (.text:privateTimer_AProcessClockSourceDivider)
                  000006c4    00000136     rtsv7M4_T_le_v4SPD16_eabi.lib : fd_div_t2.asm.obj (.text)
                  000007fa    00000002     --HOLE-- [fill = 0]
                  000007fc    0000011c     msp432p4xx_driverlib.lib : uart.o (.text:UART_initModule)
                  00000918    0000010c     adc14_single_conversion_repeat.obj (.text:ADC14_IRQHandler)
                  00000a24    00000104     msp432p4xx_driverlib.lib : cs.o (.text:_CSComputeCLKFrequency)
                  00000b28    000000fc     rtsv7M4_T_le_v4SPD16_eabi.lib : fd_mul_t2.asm.obj (.text)
                  00000c24    000000f8     msp432p4xx_driverlib.lib : cs.o (.text:CS_getDCOFrequency)
                  00000d1c    000000c6     adc14_single_conversion_repeat.obj (.text:itoa)
                  00000de2    00000002     --HOLE-- [fill = 0]
                  00000de4    000000b4     msp432p4xx_driverlib.lib : adc14.o (.text:ADC14_configureConversionMemory)
                  00000e98    000000b0     adc14_single_conversion_repeat.obj (.text:printFloat)
                  00000f48    0000009c     rtsv7M4_T_le_v4SPD16_eabi.lib : memcpy_t2.asm.obj (.text)
                  00000fe4    00000094     msp432p4xx_driverlib.lib : sysctl_a.o (.text:SysCtl_A_getTLVInfo)
                  00001078    00000088                              : gpio.o (.text:GPIO_setAsPeripheralModuleFunctionOutputPin)
                  00001100    0000007c                              : cs.o (.text:_CSGetDOCFrequency)
                  0000117c    00000078     system_msp432p401r.obj (.text:SystemInit)
                  000011f4    00000074     msp432p4xx_driverlib.lib : timer_a.o (.text:Timer_A_generatePWM)
                  00001268    0000006e     rtsv7M4_T_le_v4SPD16_eabi.lib : fd_tos_t2.asm.obj (.text)
                  000012d6    00000068                                   : copy_decompress_lzss.c.obj (.text:decompress:lzss:__TI_decompress_lzss)
                  0000133e    00000062     msp432p4xx_driverlib.lib : cs.o (.text:_CSGetDividerValue)
                  000013a0    00000044     rtsv7M4_T_le_v4SPD16_eabi.lib : autoinit.c.obj (.text:__TI_auto_init_nobinit_nopinit:__TI_auto_init_nobinit_nopinit)
                  000013e4    00000038                                   : fs_tod_t2.asm.obj (.text)
                  0000141c    00000034                                   : boot_cortex_m.c.obj (.text:_c_int00_noargs:_c_int00_noargs)
                  00001450    00000030     msp432p4xx_driverlib.lib : cs.o (.text:CS_clearInterruptFlag)
                  00001480    0000002c     adc14_single_conversion_repeat.obj (.text:transmit)
                  000014ac    00000028     msp432p4xx_driverlib.lib : adc14.o (.text:ADC14_getResult)
                  000014d4    00000028                              : cs.o (.text:CS_getSMCLK)
                  000014fc    00000020     rtsv7M4_T_le_v4SPD16_eabi.lib : u_tofd_t2.asm.obj (.text)
                  0000151c    0000001c                                   : copy_zero_init.c.obj (.text:decompress:ZI:__TI_zero_init_nomemset:__TI_zero_init_nomemset)
                  00001538    00000010     msp432p4xx_driverlib.lib : adc14.o (.text:ADCIsConversionRunning)
                  00001548    0000000e     rtsv7M4_T_le_v4SPD16_eabi.lib : copy_decompress_none.c.obj (.text:decompress:none:__TI_decompress_none)
                  00001556    0000000c     startup_msp432p401r_ccs.obj (.text:Reset_Handler)
                  00001562    00000004     rtsv7M4_T_le_v4SPD16_eabi.lib : pre_init.c.obj (.text:_system_pre_init)
                  00001566    00000004                                   : exit.c.obj (.text:abort:abort)

.const     0    0000156c    000000d8     
                  0000156c    00000080     msp432p4xx_driverlib.lib : adc14.o (.const:_ctlRegs)
                  000015ec    00000030                              : gpio.o (.const:GPIO_PORT_TO_BASE)
                  0000161c    00000028     adc14_single_conversion_repeat.obj (.const:uartConfig)

.cinit     0    00001648    00000040     
                  00001648    0000001c     (.cinit..data.load) [load image, compression = lzss]
                  00001664    0000000c     (__TI_handler_table)
                  00001670    00000008     (.cinit..bss.load) [load image, compression = zero_init]
                  00001678    00000010     (__TI_cinit_table)

.init_array 
*          0    00000000    00000000     UNINITIALIZED

.binit     0    00000000    00000000     

.data      0    20000000    00000018     UNINITIALIZED
                  20000000    00000018     adc14_single_conversion_repeat.obj (.data:pwmConfig)

.bss       0    20000018    00000010     UNINITIALIZED
                  20000018    00000008     adc14_single_conversion_repeat.obj (.bss)
                  20000020    00000008     msp432p4xx_driverlib.lib : cs.o (.bss)

.stack     0    2000fe00    00000200     UNINITIALIZED
                  2000fe00    00000004     rtsv7M4_T_le_v4SPD16_eabi.lib : boot_cortex_m.c.obj (.stack)
                  2000fe04    000001fc     --HOLE--

__llvm_prf_cnts 
*          0    20000000    00000000     UNINITIALIZED

MODULE SUMMARY

       Module                               code   ro data   rw data
       ------                               ----   -------   -------
    .\
       adc14_single_conversion_repeat.obj   1074   40        64     
       system_msp432p401r.obj               120    0         0      
    +--+------------------------------------+------+---------+---------+
       Total:                               1194   40        64     
                                                                    
    .\ccs\
       startup_msp432p401r_ccs.obj          14     228       0      
    +--+------------------------------------+------+---------+---------+
       Total:                               14     228       0      
                                                                    
    C:/ti/simplelink_msp432p4_sdk_3_40_01_02/source/ti/devices/msp432p4xx/driverlib/ccs/msp432p4xx_driverlib.lib
       cs.o                                 818    0         16     
       adc14.o                              588    128       0      
       timer_a.o                            440    0         0      
       uart.o                               284    0         0      
       gpio.o                               136    48        0      
       sysctl_a.o                           148    0         0      
    +--+------------------------------------+------+---------+---------+
       Total:                               2414   176       16     
                                                                    
    C:\ti\ccs1011\ccs\tools\compiler\ti-cgt-arm_20.2.4.LTS\lib\rtsv7M4_T_le_v4SPD16_eabi.lib
       fd_add_t2.asm.obj                    438    0         0      
       fd_div_t2.asm.obj                    310    0         0      
       fd_mul_t2.asm.obj                    252    0         0      
       memcpy_t2.asm.obj                    156    0         0      
       fd_tos_t2.asm.obj                    110    0         0      
       copy_decompress_lzss.c.obj           104    0         0      
       autoinit.c.obj                       68     0         0      
       fs_tod_t2.asm.obj                    56     0         0      
       boot_cortex_m.c.obj                  52     0         0      
       u_tofd_t2.asm.obj                    32     0         0      
       copy_zero_init.c.obj                 28     0         0      
       copy_decompress_none.c.obj           14     0         0      
       exit.c.obj                           4      0         0      
       pre_init.c.obj                       4      0         0      
    +--+------------------------------------+------+---------+---------+
       Total:                               1628   0         0      
                                                                    
       Stack:                               0      0         1024   
       Linker Generated:                    0      64        0      
    +--+------------------------------------+------+---------+---------+
       Grand Total:                         5250   508       1104   


LINKER GENERATED COPY TABLES

__TI_cinit_table @ 00001678 records: 2, size/record: 8, table size: 16
	.data: load addr=00001648, load size=0000001c bytes, run addr=20000000, run size=00000018 bytes, compression=lzss
	.bss: load addr=00001670, load size=00000008 bytes, run addr=20000018, run size=00000010 bytes, compression=zero_init


LINKER GENERATED HANDLER TABLE

__TI_handler_table @ 00001664 records: 3, size/record: 4, table size: 12
	index: 0, handler: __TI_decompress_lzss
	index: 1, handler: __TI_decompress_none
	index: 2, handler: __TI_zero_init


GLOBAL SYMBOLS: SORTED ALPHABETICALLY BY Name 

address   name                                       
-------   ----                                       
00000919  ADC14_IRQHandler                           
00000919  ADC14_IRQHandler                           
00000de5  ADC14_configureConversionMemory            
000014ad  ADC14_getResult                            
0000029b  AES256_IRQHandler                          
0000029b  BusFault_Handler                           
00001567  C$$EXIT                                    
0000029b  COMP_E0_IRQHandler                         
0000029b  COMP_E1_IRQHandler                         
0000029b  CS_IRQHandler                              
00001451  CS_clearInterruptFlag                      
00000c25  CS_getDCOFrequency                         
000014d5  CS_getSMCLK                                
0000029b  DMA_ERR_IRQHandler                         
0000029b  DMA_INT0_IRQHandler                        
0000029b  DMA_INT1_IRQHandler                        
0000029b  DMA_INT2_IRQHandler                        
0000029b  DMA_INT3_IRQHandler                        
0000029b  DebugMon_Handler                           
0000029b  Default_Handler                            
0000029b  EUSCIA0_IRQHandler                         
0000029b  EUSCIA1_IRQHandler                         
0000029b  EUSCIA2_IRQHandler                         
0000029b  EUSCIA3_IRQHandler                         
0000029b  EUSCIB0_IRQHandler                         
0000029b  EUSCIB1_IRQHandler                         
0000029b  EUSCIB2_IRQHandler                         
0000029b  EUSCIB3_IRQHandler                         
0000029b  FLCTL_IRQHandler                           
0000029b  FPU_IRQHandler                             
00001079  GPIO_setAsPeripheralModuleFunctionOutputPin
0000029b  HardFault_Handler                          
0000029b  MemManage_Handler                          
0000029b  NMI_Handler                                
0000029b  PCM_IRQHandler                             
0000029b  PORT1_IRQHandler                           
0000029b  PORT2_IRQHandler                           
0000029b  PORT3_IRQHandler                           
0000029b  PORT4_IRQHandler                           
0000029b  PORT5_IRQHandler                           
0000029b  PORT6_IRQHandler                           
0000029b  PSS_IRQHandler                             
0000029b  PendSV_Handler                             
0000029b  RTC_C_IRQHandler                           
00001557  Reset_Handler                              
0000029b  SVC_Handler                                
00000fe5  SysCtl_A_getTLVInfo                        
0000029b  SysTick_Handler                            
0000117d  SystemInit                                 
0000029b  T32_INT1_IRQHandler                        
0000029b  T32_INT2_IRQHandler                        
0000029b  T32_INTC_IRQHandler                        
0000029b  TA0_0_IRQHandler                           
0000029b  TA0_N_IRQHandler                           
0000029b  TA1_0_IRQHandler                           
0000029b  TA1_N_IRQHandler                           
0000029b  TA2_0_IRQHandler                           
0000029b  TA2_N_IRQHandler                           
0000029b  TA3_0_IRQHandler                           
0000029b  TA3_N_IRQHandler                           
000011f5  Timer_A_generatePWM                        
000007fd  UART_initModule                            
0000029b  UsageFault_Handler                         
4000480c  WDTCTL_SYM                                 
0000029b  WDT_A_IRQHandler                           
20010000  __STACK_END                                
00000200  __STACK_SIZE                               
00001678  __TI_CINIT_Base                            
00001688  __TI_CINIT_Limit                           
00001664  __TI_Handler_Table_Base                    
00001670  __TI_Handler_Table_Limit                   
000013a1  __TI_auto_init_nobinit_nopinit             
000012d7  __TI_decompress_lzss                       
00001549  __TI_decompress_none                       
ffffffff  __TI_pprof_out_hndl                        
ffffffff  __TI_prof_data_size                        
ffffffff  __TI_prof_data_start                       
00000000  __TI_static_base__                         
0000151d  __TI_zero_init_nomemset                    
00001269  __aeabi_d2f                                
000000ef  __aeabi_dadd                               
000006c5  __aeabi_ddiv                               
00000b29  __aeabi_dmul                               
000000e5  __aeabi_dsub                               
000013e5  __aeabi_f2d                                
00000f49  __aeabi_memcpy                             
00000f49  __aeabi_memcpy4                            
00000f49  __aeabi_memcpy8                            
000014fd  __aeabi_ui2d                               
ffffffff  __binit__                                  
ffffffff  __c_args__                                 
UNDEFED   __mpu_init                                 
2000fe00  __stack                                    
20000000  __start___llvm_prf_cnts                    
20000000  __stop___llvm_prf_cnts                     
0000141d  _c_int00_noargs                            
UNDEFED   _system_post_cinit                         
00001563  _system_pre_init                           
00001567  abort                                      
ffffffff  binit                                      
00000000  interruptVectors                           
00000d1d  itoa                                       
0000029d  main                                       
00000f49  memcpy                                     
00000e99  printFloat                                 
20000000  pwmConfig                                  
00001481  transmit                                   
0000161c  uartConfig                                 


GLOBAL SYMBOLS: SORTED BY Symbol Address 

address   name                                       
-------   ----                                       
00000000  __TI_static_base__                         
00000000  interruptVectors                           
000000e5  __aeabi_dsub                               
000000ef  __aeabi_dadd                               
00000200  __STACK_SIZE                               
0000029b  AES256_IRQHandler                          
0000029b  BusFault_Handler                           
0000029b  COMP_E0_IRQHandler                         
0000029b  COMP_E1_IRQHandler                         
0000029b  CS_IRQHandler                              
0000029b  DMA_ERR_IRQHandler                         
0000029b  DMA_INT0_IRQHandler                        
0000029b  DMA_INT1_IRQHandler                        
0000029b  DMA_INT2_IRQHandler                        
0000029b  DMA_INT3_IRQHandler                        
0000029b  DebugMon_Handler                           
0000029b  Default_Handler                            
0000029b  EUSCIA0_IRQHandler                         
0000029b  EUSCIA1_IRQHandler                         
0000029b  EUSCIA2_IRQHandler                         
0000029b  EUSCIA3_IRQHandler                         
0000029b  EUSCIB0_IRQHandler                         
0000029b  EUSCIB1_IRQHandler                         
0000029b  EUSCIB2_IRQHandler                         
0000029b  EUSCIB3_IRQHandler                         
0000029b  FLCTL_IRQHandler                           
0000029b  FPU_IRQHandler                             
0000029b  HardFault_Handler                          
0000029b  MemManage_Handler                          
0000029b  NMI_Handler                                
0000029b  PCM_IRQHandler                             
0000029b  PORT1_IRQHandler                           
0000029b  PORT2_IRQHandler                           
0000029b  PORT3_IRQHandler                           
0000029b  PORT4_IRQHandler                           
0000029b  PORT5_IRQHandler                           
0000029b  PORT6_IRQHandler                           
0000029b  PSS_IRQHandler                             
0000029b  PendSV_Handler                             
0000029b  RTC_C_IRQHandler                           
0000029b  SVC_Handler                                
0000029b  SysTick_Handler                            
0000029b  T32_INT1_IRQHandler                        
0000029b  T32_INT2_IRQHandler                        
0000029b  T32_INTC_IRQHandler                        
0000029b  TA0_0_IRQHandler                           
0000029b  TA0_N_IRQHandler                           
0000029b  TA1_0_IRQHandler                           
0000029b  TA1_N_IRQHandler                           
0000029b  TA2_0_IRQHandler                           
0000029b  TA2_N_IRQHandler                           
0000029b  TA3_0_IRQHandler                           
0000029b  TA3_N_IRQHandler                           
0000029b  UsageFault_Handler                         
0000029b  WDT_A_IRQHandler                           
0000029d  main                                       
000006c5  __aeabi_ddiv                               
000007fd  UART_initModule                            
00000919  ADC14_IRQHandler                           
00000919  ADC14_IRQHandler                           
00000b29  __aeabi_dmul                               
00000c25  CS_getDCOFrequency                         
00000d1d  itoa                                       
00000de5  ADC14_configureConversionMemory            
00000e99  printFloat                                 
00000f49  __aeabi_memcpy                             
00000f49  __aeabi_memcpy4                            
00000f49  __aeabi_memcpy8                            
00000f49  memcpy                                     
00000fe5  SysCtl_A_getTLVInfo                        
00001079  GPIO_setAsPeripheralModuleFunctionOutputPin
0000117d  SystemInit                                 
000011f5  Timer_A_generatePWM                        
00001269  __aeabi_d2f                                
000012d7  __TI_decompress_lzss                       
000013a1  __TI_auto_init_nobinit_nopinit             
000013e5  __aeabi_f2d                                
0000141d  _c_int00_noargs                            
00001451  CS_clearInterruptFlag                      
00001481  transmit                                   
000014ad  ADC14_getResult                            
000014d5  CS_getSMCLK                                
000014fd  __aeabi_ui2d                               
0000151d  __TI_zero_init_nomemset                    
00001549  __TI_decompress_none                       
00001557  Reset_Handler                              
00001563  _system_pre_init                           
00001567  C$$EXIT                                    
00001567  abort                                      
0000161c  uartConfig                                 
00001664  __TI_Handler_Table_Base                    
00001670  __TI_Handler_Table_Limit                   
00001678  __TI_CINIT_Base                            
00001688  __TI_CINIT_Limit                           
20000000  __start___llvm_prf_cnts                    
20000000  __stop___llvm_prf_cnts                     
20000000  pwmConfig                                  
2000fe00  __stack                                    
20010000  __STACK_END                                
4000480c  WDTCTL_SYM                                 
ffffffff  __TI_pprof_out_hndl                        
ffffffff  __TI_prof_data_size                        
ffffffff  __TI_prof_data_start                       
ffffffff  __binit__                                  
ffffffff  __c_args__                                 
ffffffff  binit                                      
UNDEFED   __mpu_init                                 
UNDEFED   _system_post_cinit                         

[108 symbols]
