******************************************************************************
                  TI ARM Linker PC v20.2.4                     
******************************************************************************
>> Linked Thu Feb 11 12:54:53 2021

OUTPUT FILE NAME:   <empty_MSP_EXP432P401R_nortos_ccs.out>
ENTRY POINT SYMBOL: "_c_int00_noargs"  address: 0000048d


MEMORY CONFIGURATION

         name            origin    length      used     unused   attr    fill
----------------------  --------  ---------  --------  --------  ----  --------
  MAIN                  00000000   00040000  0000058c  0003fa74  R  X
  INFO                  00200000   00004000  00000000  00004000  R  X
  SRAM_CODE             01000000   00010000  0000020c  0000fdf4  RW X
  SRAM_DATA             20000000   00010000  0000020c  0000fdf4  RW  


SEGMENT ALLOCATION MAP

run origin  load origin   length   init length attrs members
----------  ----------- ---------- ----------- ----- -------
00000000    00000000    0000058c   0000058c    r-x
  00000000    00000000    000000e4   000000e4    r-- .intvecs
  000000e4    000000e4    0000044c   0000044c    r-x .text
  00000530    00000530    00000040   00000040    r-- .const
  00000570    00000570    0000001c   0000001c    r-- .cinit
20000000    20000000    0000000c   00000000    rw-
  20000000    20000000    0000000c   00000000    rw- .data
2000fe00    2000fe00    00000200   00000000    rw-
  2000fe00    2000fe00    00000200   00000000    rw- .stack


SECTION ALLOCATION MAP

 output                                  attributes/
section   page    origin      length       input sections
--------  ----  ----------  ----------   ----------------
.intvecs   0    00000000    000000e4     
                  00000000    000000e4     startup_msp432p401r_ccs.obj (.intvecs:retain)

.text      0    000000e4    0000044c     
                  000000e4    000000a0     main.obj (.text:main)
                  00000184    0000009c     rtsv7M4_T_le_v4SPD16_eabi.lib : memcpy_t2.asm.obj (.text)
                  00000220    00000084     msp432p4xx_driverlib.lib : gpio.o (.text:GPIO_getEnabledInterruptStatus)
                  000002a4    00000078     main.obj (.text:PORT4_IRQHandler)
                  0000031c    00000078     system_msp432p401r.obj (.text:SystemInit)
                  00000394    00000068     rtsv7M4_T_le_v4SPD16_eabi.lib : copy_decompress_lzss.c.obj (.text:decompress:lzss:__TI_decompress_lzss)
                  000003fc    0000004c     msp432p4xx_driverlib.lib : timer_a.o (.text:Timer_A_getCounterValue)
                  00000448    00000044     rtsv7M4_T_le_v4SPD16_eabi.lib : autoinit.c.obj (.text:__TI_auto_init_nobinit_nopinit:__TI_auto_init_nobinit_nopinit)
                  0000048c    00000034                                   : boot_cortex_m.c.obj (.text:_c_int00_noargs:_c_int00_noargs)
                  000004c0    00000028     msp432p4xx_driverlib.lib : gpio.o (.text:GPIO_clearInterruptFlag)
                  000004e8    00000024                              : gpio.o (.text:GPIO_getInterruptStatus)
                  0000050c    0000000e     rtsv7M4_T_le_v4SPD16_eabi.lib : copy_decompress_none.c.obj (.text:decompress:none:__TI_decompress_none)
                  0000051a    0000000c     startup_msp432p401r_ccs.obj (.text:Reset_Handler)
                  00000526    00000004     rtsv7M4_T_le_v4SPD16_eabi.lib : pre_init.c.obj (.text:_system_pre_init)
                  0000052a    00000004                                   : exit.c.obj (.text:abort:abort)
                  0000052e    00000002     startup_msp432p401r_ccs.obj (.text:Default_Handler)

.const     0    00000530    00000040     
                  00000530    00000030     msp432p4xx_driverlib.lib : gpio.o (.const:GPIO_PORT_TO_BASE)
                  00000560    00000010     main.obj (.const:continuousModeConfig)

.cinit     0    00000570    0000001c     
                  00000570    00000009     (.cinit..data.load) [load image, compression = lzss]
                  00000579    00000003     --HOLE-- [fill = 0]
                  0000057c    00000008     (__TI_handler_table)
                  00000584    00000008     (__TI_cinit_table)

.init_array 
*          0    00000000    00000000     UNINITIALIZED

.binit     0    00000000    00000000     

.data      0    20000000    0000000c     UNINITIALIZED
                  20000000    0000000c     main.obj (.data)

.stack     0    2000fe00    00000200     UNINITIALIZED
                  2000fe00    00000004     rtsv7M4_T_le_v4SPD16_eabi.lib : boot_cortex_m.c.obj (.stack)
                  2000fe04    000001fc     --HOLE--

__llvm_prf_cnts 
*          0    20000000    00000000     UNINITIALIZED

MODULE SUMMARY

       Module                        code   ro data   rw data
       ------                        ----   -------   -------
    .\
       main.obj                      280    16        24     
       system_msp432p401r.obj        120    0         0      
    +--+-----------------------------+------+---------+---------+
       Total:                        400    16        24     
                                                             
    .\ccs\
       startup_msp432p401r_ccs.obj   14     228       0      
    +--+-----------------------------+------+---------+---------+
       Total:                        14     228       0      
                                                             
    C:/ti/simplelink_msp432p4_sdk_3_40_01_02/source/ti/devices/msp432p4xx/driverlib/ccs/msp432p4xx_driverlib.lib
       gpio.o                        208    48        0      
       timer_a.o                     76     0         0      
    +--+-----------------------------+------+---------+---------+
       Total:                        284    48        0      
                                                             
    C:\ti\ccs1011\ccs\tools\compiler\ti-cgt-arm_20.2.4.LTS\lib\rtsv7M4_T_le_v4SPD16_eabi.lib
       memcpy_t2.asm.obj             156    0         0      
       copy_decompress_lzss.c.obj    104    0         0      
       autoinit.c.obj                68     0         0      
       boot_cortex_m.c.obj           52     0         0      
       copy_decompress_none.c.obj    14     0         0      
       exit.c.obj                    4      0         0      
       pre_init.c.obj                4      0         0      
    +--+-----------------------------+------+---------+---------+
       Total:                        402    0         0      
                                                             
       Stack:                        0      0         1024   
       Linker Generated:             0      25        0      
    +--+-----------------------------+------+---------+---------+
       Grand Total:                  1100   317       1048   


LINKER GENERATED COPY TABLES

__TI_cinit_table @ 00000584 records: 1, size/record: 8, table size: 8
	.data: load addr=00000570, load size=00000009 bytes, run addr=20000000, run size=0000000c bytes, compression=lzss


LINKER GENERATED HANDLER TABLE

__TI_handler_table @ 0000057c records: 2, size/record: 4, table size: 8
	index: 0, handler: __TI_decompress_lzss
	index: 1, handler: __TI_decompress_none


GLOBAL SYMBOLS: SORTED ALPHABETICALLY BY Name 

address   name                          
-------   ----                          
0000052f  ADC14_IRQHandler              
0000052f  AES256_IRQHandler             
0000052f  BusFault_Handler              
0000052b  C$$EXIT                       
0000052f  COMP_E0_IRQHandler            
0000052f  COMP_E1_IRQHandler            
0000052f  CS_IRQHandler                 
0000052f  DMA_ERR_IRQHandler            
0000052f  DMA_INT0_IRQHandler           
0000052f  DMA_INT1_IRQHandler           
0000052f  DMA_INT2_IRQHandler           
0000052f  DMA_INT3_IRQHandler           
0000052f  DebugMon_Handler              
0000052f  Default_Handler               
0000052f  EUSCIA0_IRQHandler            
0000052f  EUSCIA1_IRQHandler            
0000052f  EUSCIA2_IRQHandler            
0000052f  EUSCIA3_IRQHandler            
0000052f  EUSCIB0_IRQHandler            
0000052f  EUSCIB1_IRQHandler            
0000052f  EUSCIB2_IRQHandler            
0000052f  EUSCIB3_IRQHandler            
0000052f  FLCTL_IRQHandler              
0000052f  FPU_IRQHandler                
000004c1  GPIO_clearInterruptFlag       
00000221  GPIO_getEnabledInterruptStatus
000004e9  GPIO_getInterruptStatus       
0000052f  HardFault_Handler             
0000052f  MemManage_Handler             
0000052f  NMI_Handler                   
0000052f  PCM_IRQHandler                
0000052f  PORT1_IRQHandler              
0000052f  PORT2_IRQHandler              
0000052f  PORT3_IRQHandler              
000002a5  PORT4_IRQHandler              
000002a5  PORT4_IRQHandler              
0000052f  PORT5_IRQHandler              
0000052f  PORT6_IRQHandler              
0000052f  PSS_IRQHandler                
0000052f  PendSV_Handler                
0000052f  RTC_C_IRQHandler              
0000051b  Reset_Handler                 
0000052f  SVC_Handler                   
0000052f  SysTick_Handler               
0000031d  SystemInit                    
0000052f  T32_INT1_IRQHandler           
0000052f  T32_INT2_IRQHandler           
0000052f  T32_INTC_IRQHandler           
0000052f  TA0_0_IRQHandler              
0000052f  TA0_N_IRQHandler              
0000052f  TA1_0_IRQHandler              
0000052f  TA1_N_IRQHandler              
0000052f  TA2_0_IRQHandler              
0000052f  TA2_N_IRQHandler              
0000052f  TA3_0_IRQHandler              
0000052f  TA3_N_IRQHandler              
000003fd  Timer_A_getCounterValue       
0000052f  UsageFault_Handler            
4000480c  WDTCTL_SYM                    
0000052f  WDT_A_IRQHandler              
20010000  __STACK_END                   
00000200  __STACK_SIZE                  
00000584  __TI_CINIT_Base               
0000058c  __TI_CINIT_Limit              
0000057c  __TI_Handler_Table_Base       
00000584  __TI_Handler_Table_Limit      
00000449  __TI_auto_init_nobinit_nopinit
00000395  __TI_decompress_lzss          
0000050d  __TI_decompress_none          
ffffffff  __TI_pprof_out_hndl           
ffffffff  __TI_prof_data_size           
ffffffff  __TI_prof_data_start          
00000000  __TI_static_base__            
00000185  __aeabi_memcpy                
00000185  __aeabi_memcpy4               
00000185  __aeabi_memcpy8               
ffffffff  __binit__                     
ffffffff  __c_args__                    
UNDEFED   __mpu_init                    
2000fe00  __stack                       
20000000  __start___llvm_prf_cnts       
20000000  __stop___llvm_prf_cnts        
0000048d  _c_int00_noargs               
UNDEFED   _system_post_cinit            
00000527  _system_pre_init              
0000052b  abort                         
ffffffff  binit                         
00000560  continuousModeConfig          
00000000  interruptVectors              
000000e5  main                          
00000185  memcpy                        
20000004  time                          
20000000  x                             
20000002  y                             
20000008  z                             


GLOBAL SYMBOLS: SORTED BY Symbol Address 

address   name                          
-------   ----                          
00000000  __TI_static_base__            
00000000  interruptVectors              
000000e5  main                          
00000185  __aeabi_memcpy                
00000185  __aeabi_memcpy4               
00000185  __aeabi_memcpy8               
00000185  memcpy                        
00000200  __STACK_SIZE                  
00000221  GPIO_getEnabledInterruptStatus
000002a5  PORT4_IRQHandler              
000002a5  PORT4_IRQHandler              
0000031d  SystemInit                    
00000395  __TI_decompress_lzss          
000003fd  Timer_A_getCounterValue       
00000449  __TI_auto_init_nobinit_nopinit
0000048d  _c_int00_noargs               
000004c1  GPIO_clearInterruptFlag       
000004e9  GPIO_getInterruptStatus       
0000050d  __TI_decompress_none          
0000051b  Reset_Handler                 
00000527  _system_pre_init              
0000052b  C$$EXIT                       
0000052b  abort                         
0000052f  ADC14_IRQHandler              
0000052f  AES256_IRQHandler             
0000052f  BusFault_Handler              
0000052f  COMP_E0_IRQHandler            
0000052f  COMP_E1_IRQHandler            
0000052f  CS_IRQHandler                 
0000052f  DMA_ERR_IRQHandler            
0000052f  DMA_INT0_IRQHandler           
0000052f  DMA_INT1_IRQHandler           
0000052f  DMA_INT2_IRQHandler           
0000052f  DMA_INT3_IRQHandler           
0000052f  DebugMon_Handler              
0000052f  Default_Handler               
0000052f  EUSCIA0_IRQHandler            
0000052f  EUSCIA1_IRQHandler            
0000052f  EUSCIA2_IRQHandler            
0000052f  EUSCIA3_IRQHandler            
0000052f  EUSCIB0_IRQHandler            
0000052f  EUSCIB1_IRQHandler            
0000052f  EUSCIB2_IRQHandler            
0000052f  EUSCIB3_IRQHandler            
0000052f  FLCTL_IRQHandler              
0000052f  FPU_IRQHandler                
0000052f  HardFault_Handler             
0000052f  MemManage_Handler             
0000052f  NMI_Handler                   
0000052f  PCM_IRQHandler                
0000052f  PORT1_IRQHandler              
0000052f  PORT2_IRQHandler              
0000052f  PORT3_IRQHandler              
0000052f  PORT5_IRQHandler              
0000052f  PORT6_IRQHandler              
0000052f  PSS_IRQHandler                
0000052f  PendSV_Handler                
0000052f  RTC_C_IRQHandler              
0000052f  SVC_Handler                   
0000052f  SysTick_Handler               
0000052f  T32_INT1_IRQHandler           
0000052f  T32_INT2_IRQHandler           
0000052f  T32_INTC_IRQHandler           
0000052f  TA0_0_IRQHandler              
0000052f  TA0_N_IRQHandler              
0000052f  TA1_0_IRQHandler              
0000052f  TA1_N_IRQHandler              
0000052f  TA2_0_IRQHandler              
0000052f  TA2_N_IRQHandler              
0000052f  TA3_0_IRQHandler              
0000052f  TA3_N_IRQHandler              
0000052f  UsageFault_Handler            
0000052f  WDT_A_IRQHandler              
00000560  continuousModeConfig          
0000057c  __TI_Handler_Table_Base       
00000584  __TI_CINIT_Base               
00000584  __TI_Handler_Table_Limit      
0000058c  __TI_CINIT_Limit              
20000000  __start___llvm_prf_cnts       
20000000  __stop___llvm_prf_cnts        
20000000  x                             
20000002  y                             
20000004  time                          
20000008  z                             
2000fe00  __stack                       
20010000  __STACK_END                   
4000480c  WDTCTL_SYM                    
ffffffff  __TI_pprof_out_hndl           
ffffffff  __TI_prof_data_size           
ffffffff  __TI_prof_data_start          
ffffffff  __binit__                     
ffffffff  __c_args__                    
ffffffff  binit                         
UNDEFED   __mpu_init                    
UNDEFED   _system_post_cinit            

[95 symbols]
