******************************************************************************
                  TI ARM Linker PC v20.2.4                     
******************************************************************************
>> Linked Mon Mar  1 10:34:51 2021

OUTPUT FILE NAME:   <timing.out>
ENTRY POINT SYMBOL: "_c_int00_noargs"  address: 000007e5


MEMORY CONFIGURATION

         name            origin    length      used     unused   attr    fill
----------------------  --------  ---------  --------  --------  ----  --------
  MAIN                  00000000   00040000  000008f8  0003f708  R  X
  INFO                  00200000   00004000  00000000  00004000  R  X
  SRAM_CODE             01000000   00010000  00000224  0000fddc  RW X
  SRAM_DATA             20000000   00010000  00000224  0000fddc  RW  


SEGMENT ALLOCATION MAP

run origin  load origin   length   init length attrs members
----------  ----------- ---------- ----------- ----- -------
00000000    00000000    000008f8   000008f8    r-x
  00000000    00000000    000000e4   000000e4    r-- .intvecs
  000000e4    000000e4    000007a4   000007a4    r-x .text
  00000888    00000888    00000040   00000040    r-- .const
  000008c8    000008c8    00000030   00000030    r-- .cinit
20000000    20000000    00000024   00000000    rw-
  20000000    20000000    00000024   00000000    rw- .data
2000fe00    2000fe00    00000200   00000000    rw-
  2000fe00    2000fe00    00000200   00000000    rw- .stack


SECTION ALLOCATION MAP

 output                                  attributes/
section   page    origin      length       input sections
--------  ----  ----------  ----------   ----------------
.intvecs   0    00000000    000000e4     
                  00000000    000000e4     startup_msp432p401r_ccs.obj (.intvecs:retain)

.text      0    000000e4    000007a4     
                  000000e4    00000320     main.obj (.text:PORT1_IRQHandler)
                  00000404    0000011c     main.obj (.text:main)
                  00000520    0000009c     rtsv7M4_T_le_v4SPD16_eabi.lib : memcpy_t2.asm.obj (.text)
                  000005bc    00000084     msp432p4xx_driverlib.lib : gpio.o (.text:GPIO_getEnabledInterruptStatus)
                  00000640    00000078     system_msp432p401r.obj (.text:SystemInit)
                  000006b8    00000068     rtsv7M4_T_le_v4SPD16_eabi.lib : copy_decompress_lzss.c.obj (.text:decompress:lzss:__TI_decompress_lzss)
                  00000720    0000004c     msp432p4xx_driverlib.lib : timer_a.o (.text:Timer_A_getCounterValue)
                  0000076c    00000044     rtsv7M4_T_le_v4SPD16_eabi.lib : autoinit.c.obj (.text:__TI_auto_init_nobinit_nopinit:__TI_auto_init_nobinit_nopinit)
                  000007b0    00000034     msp432p4xx_driverlib.lib : cs.o (.text:CS_setDCOCenteredFrequency)
                  000007e4    00000034     rtsv7M4_T_le_v4SPD16_eabi.lib : boot_cortex_m.c.obj (.text:_c_int00_noargs:_c_int00_noargs)
                  00000818    00000028     msp432p4xx_driverlib.lib : gpio.o (.text:GPIO_clearInterruptFlag)
                  00000840    00000024                              : gpio.o (.text:GPIO_getInterruptStatus)
                  00000864    0000000e     rtsv7M4_T_le_v4SPD16_eabi.lib : copy_decompress_none.c.obj (.text:decompress:none:__TI_decompress_none)
                  00000872    0000000c     startup_msp432p401r_ccs.obj (.text:Reset_Handler)
                  0000087e    00000004     rtsv7M4_T_le_v4SPD16_eabi.lib : pre_init.c.obj (.text:_system_pre_init)
                  00000882    00000004                                   : exit.c.obj (.text:abort:abort)
                  00000886    00000002     startup_msp432p401r_ccs.obj (.text:Default_Handler)

.const     0    00000888    00000040     
                  00000888    00000030     msp432p4xx_driverlib.lib : gpio.o (.const:GPIO_PORT_TO_BASE)
                  000008b8    00000010     main.obj (.const:continuousModeConfig)

.cinit     0    000008c8    00000030     
                  000008c8    00000020     (.cinit..data.load) [load image, compression = lzss]
                  000008e8    00000008     (__TI_handler_table)
                  000008f0    00000008     (__TI_cinit_table)

.init_array 
*          0    00000000    00000000     UNINITIALIZED

.binit     0    00000000    00000000     

.data      0    20000000    00000024     UNINITIALIZED
                  20000000    00000018     main.obj (.data:pwmConfig)
                  20000018    0000000c     main.obj (.data)

.stack     0    2000fe00    00000200     UNINITIALIZED
                  2000fe00    00000004     rtsv7M4_T_le_v4SPD16_eabi.lib : boot_cortex_m.c.obj (.stack)
                  2000fe04    000001fc     --HOLE--

__llvm_prf_cnts 
*          0    20000000    00000000     UNINITIALIZED

MODULE SUMMARY

       Module                        code   ro data   rw data
       ------                        ----   -------   -------
    .\
       main.obj                      1084   16        72     
       system_msp432p401r.obj        120    0         0      
    +--+-----------------------------+------+---------+---------+
       Total:                        1204   16        72     
                                                             
    .\ccs\
       startup_msp432p401r_ccs.obj   14     228       0      
    +--+-----------------------------+------+---------+---------+
       Total:                        14     228       0      
                                                             
    C:/ti/simplelink_msp432p4_sdk_3_40_01_02/source/ti/devices/msp432p4xx/driverlib/ccs/msp432p4xx_driverlib.lib
       gpio.o                        208    48        0      
       timer_a.o                     76     0         0      
       cs.o                          52     0         0      
    +--+-----------------------------+------+---------+---------+
       Total:                        336    48        0      
                                                             
    C:\ti\ccs1011\ccs\tools\compiler\ti-cgt-arm_20.2.4.LTS\lib\rtsv7M4_T_le_v4SPD16_eabi.lib
       memcpy_t2.asm.obj             156    0         0      
       copy_decompress_lzss.c.obj    104    0         0      
       autoinit.c.obj                68     0         0      
       boot_cortex_m.c.obj           52     0         0      
       copy_decompress_none.c.obj    14     0         0      
       exit.c.obj                    4      0         0      
       pre_init.c.obj                4      0         0      
    +--+-----------------------------+------+---------+---------+
       Total:                        402    0         0      
                                                             
       Stack:                        0      0         1024   
       Linker Generated:             0      48        0      
    +--+-----------------------------+------+---------+---------+
       Grand Total:                  1956   340       1096   


LINKER GENERATED COPY TABLES

__TI_cinit_table @ 000008f0 records: 1, size/record: 8, table size: 8
	.data: load addr=000008c8, load size=00000020 bytes, run addr=20000000, run size=00000024 bytes, compression=lzss


LINKER GENERATED HANDLER TABLE

__TI_handler_table @ 000008e8 records: 2, size/record: 4, table size: 8
	index: 0, handler: __TI_decompress_lzss
	index: 1, handler: __TI_decompress_none


GLOBAL SYMBOLS: SORTED ALPHABETICALLY BY Name 

address   name                          
-------   ----                          
00000887  ADC14_IRQHandler              
00000887  AES256_IRQHandler             
00000887  BusFault_Handler              
00000883  C$$EXIT                       
00000887  COMP_E0_IRQHandler            
00000887  COMP_E1_IRQHandler            
00000887  CS_IRQHandler                 
000007b1  CS_setDCOCenteredFrequency    
00000887  DMA_ERR_IRQHandler            
00000887  DMA_INT0_IRQHandler           
00000887  DMA_INT1_IRQHandler           
00000887  DMA_INT2_IRQHandler           
00000887  DMA_INT3_IRQHandler           
00000887  DebugMon_Handler              
00000887  Default_Handler               
00000887  EUSCIA0_IRQHandler            
00000887  EUSCIA1_IRQHandler            
00000887  EUSCIA2_IRQHandler            
00000887  EUSCIA3_IRQHandler            
00000887  EUSCIB0_IRQHandler            
00000887  EUSCIB1_IRQHandler            
00000887  EUSCIB2_IRQHandler            
00000887  EUSCIB3_IRQHandler            
00000887  FLCTL_IRQHandler              
00000887  FPU_IRQHandler                
00000819  GPIO_clearInterruptFlag       
000005bd  GPIO_getEnabledInterruptStatus
00000841  GPIO_getInterruptStatus       
00000887  HardFault_Handler             
00000887  MemManage_Handler             
00000887  NMI_Handler                   
00000887  PCM_IRQHandler                
000000e5  PORT1_IRQHandler              
000000e5  PORT1_IRQHandler              
00000887  PORT2_IRQHandler              
00000887  PORT3_IRQHandler              
00000887  PORT4_IRQHandler              
00000887  PORT5_IRQHandler              
00000887  PORT6_IRQHandler              
00000887  PSS_IRQHandler                
00000887  PendSV_Handler                
00000887  RTC_C_IRQHandler              
00000873  Reset_Handler                 
00000887  SVC_Handler                   
00000887  SysTick_Handler               
00000641  SystemInit                    
00000887  T32_INT1_IRQHandler           
00000887  T32_INT2_IRQHandler           
00000887  T32_INTC_IRQHandler           
00000887  TA0_0_IRQHandler              
00000887  TA0_N_IRQHandler              
00000887  TA1_0_IRQHandler              
00000887  TA1_N_IRQHandler              
00000887  TA2_0_IRQHandler              
00000887  TA2_N_IRQHandler              
00000887  TA3_0_IRQHandler              
00000887  TA3_N_IRQHandler              
00000721  Timer_A_getCounterValue       
00000887  UsageFault_Handler            
4000480c  WDTCTL_SYM                    
00000887  WDT_A_IRQHandler              
20010000  __STACK_END                   
00000200  __STACK_SIZE                  
000008f0  __TI_CINIT_Base               
000008f8  __TI_CINIT_Limit              
000008e8  __TI_Handler_Table_Base       
000008f0  __TI_Handler_Table_Limit      
0000076d  __TI_auto_init_nobinit_nopinit
000006b9  __TI_decompress_lzss          
00000865  __TI_decompress_none          
ffffffff  __TI_pprof_out_hndl           
ffffffff  __TI_prof_data_size           
ffffffff  __TI_prof_data_start          
00000000  __TI_static_base__            
00000521  __aeabi_memcpy                
00000521  __aeabi_memcpy4               
00000521  __aeabi_memcpy8               
ffffffff  __binit__                     
ffffffff  __c_args__                    
UNDEFED   __mpu_init                    
2000fe00  __stack                       
20000000  __start___llvm_prf_cnts       
20000000  __stop___llvm_prf_cnts        
000007e5  _c_int00_noargs               
UNDEFED   _system_post_cinit            
0000087f  _system_pre_init              
00000883  abort                         
ffffffff  binit                         
000008b8  continuousModeConfig          
2000001c  delta                         
00000000  interruptVectors              
00000405  main                          
00000521  memcpy                        
20000000  pwmConfig                     
20000018  x                             
2000001a  y                             
20000020  z                             


GLOBAL SYMBOLS: SORTED BY Symbol Address 

address   name                          
-------   ----                          
00000000  __TI_static_base__            
00000000  interruptVectors              
000000e5  PORT1_IRQHandler              
000000e5  PORT1_IRQHandler              
00000200  __STACK_SIZE                  
00000405  main                          
00000521  __aeabi_memcpy                
00000521  __aeabi_memcpy4               
00000521  __aeabi_memcpy8               
00000521  memcpy                        
000005bd  GPIO_getEnabledInterruptStatus
00000641  SystemInit                    
000006b9  __TI_decompress_lzss          
00000721  Timer_A_getCounterValue       
0000076d  __TI_auto_init_nobinit_nopinit
000007b1  CS_setDCOCenteredFrequency    
000007e5  _c_int00_noargs               
00000819  GPIO_clearInterruptFlag       
00000841  GPIO_getInterruptStatus       
00000865  __TI_decompress_none          
00000873  Reset_Handler                 
0000087f  _system_pre_init              
00000883  C$$EXIT                       
00000883  abort                         
00000887  ADC14_IRQHandler              
00000887  AES256_IRQHandler             
00000887  BusFault_Handler              
00000887  COMP_E0_IRQHandler            
00000887  COMP_E1_IRQHandler            
00000887  CS_IRQHandler                 
00000887  DMA_ERR_IRQHandler            
00000887  DMA_INT0_IRQHandler           
00000887  DMA_INT1_IRQHandler           
00000887  DMA_INT2_IRQHandler           
00000887  DMA_INT3_IRQHandler           
00000887  DebugMon_Handler              
00000887  Default_Handler               
00000887  EUSCIA0_IRQHandler            
00000887  EUSCIA1_IRQHandler            
00000887  EUSCIA2_IRQHandler            
00000887  EUSCIA3_IRQHandler            
00000887  EUSCIB0_IRQHandler            
00000887  EUSCIB1_IRQHandler            
00000887  EUSCIB2_IRQHandler            
00000887  EUSCIB3_IRQHandler            
00000887  FLCTL_IRQHandler              
00000887  FPU_IRQHandler                
00000887  HardFault_Handler             
00000887  MemManage_Handler             
00000887  NMI_Handler                   
00000887  PCM_IRQHandler                
00000887  PORT2_IRQHandler              
00000887  PORT3_IRQHandler              
00000887  PORT4_IRQHandler              
00000887  PORT5_IRQHandler              
00000887  PORT6_IRQHandler              
00000887  PSS_IRQHandler                
00000887  PendSV_Handler                
00000887  RTC_C_IRQHandler              
00000887  SVC_Handler                   
00000887  SysTick_Handler               
00000887  T32_INT1_IRQHandler           
00000887  T32_INT2_IRQHandler           
00000887  T32_INTC_IRQHandler           
00000887  TA0_0_IRQHandler              
00000887  TA0_N_IRQHandler              
00000887  TA1_0_IRQHandler              
00000887  TA1_N_IRQHandler              
00000887  TA2_0_IRQHandler              
00000887  TA2_N_IRQHandler              
00000887  TA3_0_IRQHandler              
00000887  TA3_N_IRQHandler              
00000887  UsageFault_Handler            
00000887  WDT_A_IRQHandler              
000008b8  continuousModeConfig          
000008e8  __TI_Handler_Table_Base       
000008f0  __TI_CINIT_Base               
000008f0  __TI_Handler_Table_Limit      
000008f8  __TI_CINIT_Limit              
20000000  __start___llvm_prf_cnts       
20000000  __stop___llvm_prf_cnts        
20000000  pwmConfig                     
20000018  x                             
2000001a  y                             
2000001c  delta                         
20000020  z                             
2000fe00  __stack                       
20010000  __STACK_END                   
4000480c  WDTCTL_SYM                    
ffffffff  __TI_pprof_out_hndl           
ffffffff  __TI_prof_data_size           
ffffffff  __TI_prof_data_start          
ffffffff  __binit__                     
ffffffff  __c_args__                    
ffffffff  binit                         
UNDEFED   __mpu_init                    
UNDEFED   _system_post_cinit            

[97 symbols]
